Archive member included to satisfy reference by file (symbol)

/usr/lib/gcc/arm-none-eabi/10.3.1/thumb/v6-m/nofp/libgcc.a(_dvmd_tls.o)
                              CMakeFiles/pico-e-cli.dir/__/__/libraries/pico-sdk/src/rp2_common/pico_divider/divider.S.obj (__aeabi_idiv0)
/usr/lib/gcc/arm-none-eabi/10.3.1/../../../arm-none-eabi/lib/thumb/v6-m/nofp/libc.a(lib_a-atexit.o)
                              /usr/lib/gcc/arm-none-eabi/10.3.1/../../../arm-none-eabi/lib/thumb/v6-m/nofp/crt0.o (atexit)
/usr/lib/gcc/arm-none-eabi/10.3.1/../../../arm-none-eabi/lib/thumb/v6-m/nofp/libc.a(lib_a-atoi.o)
                              CMakeFiles/pico-e-cli.dir/__/__/libraries/pico-extras/lib/lwip/src/core/netif.c.obj (atoi)
/usr/lib/gcc/arm-none-eabi/10.3.1/../../../arm-none-eabi/lib/thumb/v6-m/nofp/libc.a(lib_a-calloc.o)
                              CMakeFiles/pico-e-cli.dir/__/__/libraries/pico-sdk/src/rp2_common/pico_malloc/pico_malloc.c.obj (calloc)
/usr/lib/gcc/arm-none-eabi/10.3.1/../../../arm-none-eabi/lib/thumb/v6-m/nofp/libc.a(lib_a-callocr.o)
                              /usr/lib/gcc/arm-none-eabi/10.3.1/../../../arm-none-eabi/lib/thumb/v6-m/nofp/libc.a(lib_a-calloc.o) (_calloc_r)
/usr/lib/gcc/arm-none-eabi/10.3.1/../../../arm-none-eabi/lib/thumb/v6-m/nofp/libc.a(lib_a-ctype_.o)
                              CMakeFiles/pico-e-cli.dir/__/__/libraries/pico-extras/lib/lwip/src/core/ipv4/ip4_addr.c.obj (_ctype_)
/usr/lib/gcc/arm-none-eabi/10.3.1/../../../arm-none-eabi/lib/thumb/v6-m/nofp/libc.a(lib_a-fini.o)
                              /usr/lib/gcc/arm-none-eabi/10.3.1/../../../arm-none-eabi/lib/thumb/v6-m/nofp/crt0.o (__libc_fini_array)
/usr/lib/gcc/arm-none-eabi/10.3.1/../../../arm-none-eabi/lib/thumb/v6-m/nofp/libc.a(lib_a-impure.o)
                              /usr/lib/gcc/arm-none-eabi/10.3.1/../../../arm-none-eabi/lib/thumb/v6-m/nofp/libc.a(lib_a-calloc.o) (_impure_ptr)
/usr/lib/gcc/arm-none-eabi/10.3.1/../../../arm-none-eabi/lib/thumb/v6-m/nofp/libc.a(lib_a-init.o)
                              /usr/lib/gcc/arm-none-eabi/10.3.1/../../../arm-none-eabi/lib/thumb/v6-m/nofp/crt0.o (__libc_init_array)
/usr/lib/gcc/arm-none-eabi/10.3.1/../../../arm-none-eabi/lib/thumb/v6-m/nofp/libc.a(lib_a-malloc.o)
                              CMakeFiles/pico-e-cli.dir/__/__/libraries/pico-sdk/src/rp2_common/pico_malloc/pico_malloc.c.obj (malloc)
/usr/lib/gcc/arm-none-eabi/10.3.1/../../../arm-none-eabi/lib/thumb/v6-m/nofp/libc.a(lib_a-mallocr.o)
                              /usr/lib/gcc/arm-none-eabi/10.3.1/../../../arm-none-eabi/lib/thumb/v6-m/nofp/libc.a(lib_a-callocr.o) (_malloc_r)
/usr/lib/gcc/arm-none-eabi/10.3.1/../../../arm-none-eabi/lib/thumb/v6-m/nofp/libc.a(lib_a-memcmp.o)
                              CMakeFiles/pico-e-cli.dir/__/__/libraries/pico-extras/lib/lwip/src/netif/ethernet.c.obj (memcmp)
/usr/lib/gcc/arm-none-eabi/10.3.1/../../../arm-none-eabi/lib/thumb/v6-m/nofp/libc.a(lib_a-memmove.o)
                              CMakeFiles/pico-e-cli.dir/__/__/libraries/pico-extras/lib/lwip/src/core/def.c.obj (memmove)
/usr/lib/gcc/arm-none-eabi/10.3.1/../../../arm-none-eabi/lib/thumb/v6-m/nofp/libc.a(lib_a-mlock.o)
                              /usr/lib/gcc/arm-none-eabi/10.3.1/../../../arm-none-eabi/lib/thumb/v6-m/nofp/libc.a(lib_a-mallocr.o) (__malloc_lock)
/usr/lib/gcc/arm-none-eabi/10.3.1/../../../arm-none-eabi/lib/thumb/v6-m/nofp/libc.a(lib_a-realloc.o)
                              CMakeFiles/pico-e-cli.dir/__/__/libraries/pico-sdk/src/rp2_common/pico_malloc/pico_malloc.c.obj (realloc)
/usr/lib/gcc/arm-none-eabi/10.3.1/../../../arm-none-eabi/lib/thumb/v6-m/nofp/libc.a(lib_a-reallocr.o)
                              /usr/lib/gcc/arm-none-eabi/10.3.1/../../../arm-none-eabi/lib/thumb/v6-m/nofp/libc.a(lib_a-realloc.o) (_realloc_r)
/usr/lib/gcc/arm-none-eabi/10.3.1/../../../arm-none-eabi/lib/thumb/v6-m/nofp/libc.a(lib_a-sbrkr.o)
                              /usr/lib/gcc/arm-none-eabi/10.3.1/../../../arm-none-eabi/lib/thumb/v6-m/nofp/libc.a(lib_a-mallocr.o) (_sbrk_r)
/usr/lib/gcc/arm-none-eabi/10.3.1/../../../arm-none-eabi/lib/thumb/v6-m/nofp/libc.a(lib_a-strchr.o)
                              CMakeFiles/pico-e-cli.dir/__/__/libraries/pico-extras/lib/lwip/src/apps/http/httpd.c.obj (strchr)
/usr/lib/gcc/arm-none-eabi/10.3.1/../../../arm-none-eabi/lib/thumb/v6-m/nofp/libc.a(lib_a-strcmp.o)
                              CMakeFiles/pico-e-cli.dir/picocli.c.obj (strcmp)
/usr/lib/gcc/arm-none-eabi/10.3.1/../../../arm-none-eabi/lib/thumb/v6-m/nofp/libc.a(lib_a-strdup.o)
                              CMakeFiles/pico-e-cli.dir/picocli.c.obj (strdup)
/usr/lib/gcc/arm-none-eabi/10.3.1/../../../arm-none-eabi/lib/thumb/v6-m/nofp/libc.a(lib_a-strdup_r.o)
                              /usr/lib/gcc/arm-none-eabi/10.3.1/../../../arm-none-eabi/lib/thumb/v6-m/nofp/libc.a(lib_a-strdup.o) (_strdup_r)
/usr/lib/gcc/arm-none-eabi/10.3.1/../../../arm-none-eabi/lib/thumb/v6-m/nofp/libc.a(lib_a-strlen-stub.o)
[...]
Memory Configuration

Name             Origin             Length             Attributes
FLASH            0x0000000010000000 0x0000000000200000 xr
RAM              0x0000000020000000 0x0000000000040000 xrw
SCRATCH_X        0x0000000020040000 0x0000000000001000 xrw
SCRATCH_Y        0x0000000020041000 0x0000000000001000 xrw
*default*        0x0000000000000000 0xffffffffffffffff

Linker script and memory map

LOAD /usr/lib/gcc/arm-none-eabi/10.3.1/thumb/v6-m/nofp/crti.o
LOAD /usr/lib/gcc/arm-none-eabi/10.3.1/thumb/v6-m/nofp/crtbegin.o
LOAD /usr/lib/gcc/arm-none-eabi/10.3.1/../../../arm-none-eabi/lib/thumb/v6-m/nofp/crt0.o

.flash_begin    0x0000000010000000        0x0
                0x0000000010000000                __flash_binary_start = .

.boot2          0x0000000010000000      0x100
                0x0000000010000000                __boot2_start__ = .
 *(.boot2)
 .boot2         0x0000000010000000      0x100 /tmp/ccf0tXVS.o
                0x0000000010000100                __boot2_end__ = .
                0x0000000000000001                ASSERT (((__boot2_end__ - __boot2_start__) == 0x100), ERROR: Pico second stage bootloader must be 256 bytes in size)

.text           0x0000000010000100    0x161d0
                0x0000000010000100                __logical_binary_start = .
 *(.vectors)
 .vectors       0x0000000010000100       0xd4 CMakeFiles/pico-e-cli.dir/__/__/libraries/pico-sdk/src/rp2_common/pico_standard_link/crt0.S.obj
                0x0000000010000100                __vectors
                0x0000000010000100                __VECTOR_TABLE
                0x00000000100001c0                isr_invalid
                0x00000000100001c0                __default_isrs_start
                0x00000000100001c2                isr_nmi
                0x00000000100001c4                isr_hardfault
                0x00000000100001c6                isr_svcall
                0x00000000100001c8                isr_pendsv
                0x00000000100001ca                isr_systick
                0x00000000100001cc                isr_irq30
                0x00000000100001cc                __unhandled_user_irq
                0x00000000100001cc                isr_irq13
                0x00000000100001cc                isr_irq27
                0x00000000100001cc                isr_irq31
                0x00000000100001cc                isr_irq5
                0x00000000100001cc                isr_irq11
                0x00000000100001cc                isr_irq23
                0x00000000100001cc                isr_irq18
                0x00000000100001cc                isr_irq28
                0x00000000100001cc                isr_irq19
                0x00000000100001cc                isr_irq0
                0x00000000100001cc                isr_irq6
                0x00000000100001cc                isr_irq22
                0x00000000100001cc                isr_irq17
                0x00000000100001cc                isr_irq14
                0x00000000100001cc                isr_irq2
                0x00000000100001cc                isr_irq10
                0x00000000100001cc                isr_irq8
                0x00000000100001cc                isr_irq24
                0x00000000100001cc                isr_irq1
                0x00000000100001cc                isr_irq7
                0x00000000100001cc                isr_irq21
                0x00000000100001cc                isr_irq20
                0x00000000100001cc                isr_irq15
                0x00000000100001cc                isr_irq25
                0x00000000100001cc                isr_irq4
                0x00000000100001cc                isr_irq16
                0x00000000100001cc                isr_irq29
                0x00000000100001cc                isr_irq26
                0x00000000100001cc                __default_isrs_end
                0x00000000100001cc                isr_irq3
                0x00000000100001cc                isr_irq12
                0x00000000100001cc                isr_irq9
                0x00000000100001d2                unhandled_user_irq_num_in_r0
 *(.binary_info_header)
 .binary_info_header
                0x00000000100001d4       0x14 CMakeFiles/pico-e-cli.dir/__/__/libraries/pico-sdk/src/rp2_common/pico_standard_link/crt0.S.obj
                0x00000000100001e8                __binary_info_header_end = .
 *(.reset)
 .reset         0x00000000100001e8       0xa8 CMakeFiles/pico-e-cli.dir/__/__/libraries/pico-sdk/src/rp2_common/pico_standard_link/crt0.S.obj
                0x00000000100001e8                _entry_point
                0x0000000010000266                __get_current_exception
 .reset         0x0000000010000290       0x30 CMakeFiles/pico-e-cli.dir/__/__/libraries/pico-sdk/src/rp2_common/pico_standard_link/binary_info.c.obj
 *(.init)
 .init          0x00000000100002c0        0x4 /usr/lib/gcc/arm-none-eabi/10.3.1/thumb/v6-m/nofp/crti.o
                0x00000000100002c0                _init
 *(EXCLUDE_FILE(*libm.a: *libc.a:*lib_a-mem*.o *libgcc.a:) .text*)
 .text          0x00000000100002c4       0x98 /usr/lib/gcc/arm-none-eabi/10.3.1/thumb/v6-m/nofp/crtbegin.o
 .text.set_clock_khz
                0x000000001000035c       0x44 CMakeFiles/pico-e-cli.dir/main.c.obj
 .text.startup.main
                0x00000000100003a0       0x24 CMakeFiles/pico-e-cli.dir/main.c.obj
                0x00000000100003a0                main
 .text.lwiperf_tcp_close
                0x00000000100003c4      0x114 CMakeFiles/pico-e-cli.dir/__/__/libraries/pico-extras/lib/lwip/src/apps/lwiperf/lwiperf.c.obj
 .text.lwiperf_tcp_accept
                0x00000000100004d8       0xd4 CMakeFiles/pico-e-cli.dir/__/__/libraries/pico-extras/lib/lwip/src/apps/lwiperf/lwiperf.c.obj
 .text.lwiperf_tcp_err
                0x00000000100005ac        0xc CMakeFiles/pico-e-cli.dir/__/__/libraries/pico-extras/lib/lwip/src/apps/lwiperf/lwiperf.c.obj
 .text.lwiperf_tcp_client_send_more
                0x00000000100005b8       0xe8 CMakeFiles/pico-e-cli.dir/__/__/libraries/pico-extras/lib/lwip/src/apps/lwiperf/lwiperf.c.obj
 .text.lwiperf_tcp_client_sent
                0x00000000100006a0       0x10 CMakeFiles/pico-e-cli.dir/__/__/libraries/pico-extras/lib/lwip/src/apps/lwiperf/lwiperf.c.obj
 .text.lwiperf_tcp_poll
                0x00000000100006b0       0x28 CMakeFiles/pico-e-cli.dir/__/__/libraries/pico-extras/lib/lwip/src/apps/lwiperf/lwiperf.c.obj
 .text.lwiperf_tx_start_impl
                0x00000000100006d8       0xf4 CMakeFiles/pico-e-cli.dir/__/__/libraries/pico-extras/lib/lwip/src/apps/lwiperf/lwiperf.c.obj
 .text.lwiperf_tcp_client_connected
                0x00000000100007cc       0x24 CMakeFiles/pico-e-cli.dir/__/__/libraries/pico-extras/lib/lwip/src/apps/lwiperf/lwiperf.c.obj
 .text.lwiperf_tcp_recv
                0x00000000100007f0      0x19c CMakeFiles/pico-e-cli.dir/__/__/libraries/pico-extras/lib/lwip/src/apps/lwiperf/lwiperf.c.obj
 .text.lwiperf_start_tcp_server_default
                0x000000001000098c       0x84 CMakeFiles/pico-e-cli.dir/__/__/libraries/pico-extras/lib/lwip/src/apps/lwiperf/lwiperf.c.obj
                0x000000001000098c                lwiperf_start_tcp_server_default
 .text.picocli_startup
                0x0000000010000a10       0x20 CMakeFiles/pico-e-cli.dir/picocli.c.obj
                0x0000000010000a10                picocli_startup
 .text.picocli_loop
                0x0000000010000a30      0x16c CMakeFiles/pico-e-cli.dir/picocli.c.obj
                0x0000000010000a30                picocli_loop
 .text.cmd_w5x00_init
                0x0000000010000b9c      0x1a4 CMakeFiles/pico-e-cli.dir/commands/testcommand.c.obj
                0x0000000010000b9c                cmd_w5x00_init
 .text.cmd_w5x00_writebuff
                0x0000000010000d40       0x8c CMakeFiles/pico-e-cli.dir/commands/testcommand.c.obj
                0x0000000010000d40                cmd_w5x00_writebuff
 .text.cmd_w5x00_readbuff
                0x0000000010000dcc       0xbc CMakeFiles/pico-e-cli.dir/commands/testcommand.c.obj
                0x0000000010000dcc                cmd_w5x00_readbuff
 .text.cmd_w5x00_readbuffdelay
                0x0000000010000e88      0x100 CMakeFiles/pico-e-cli.dir/commands/testcommand.c.obj
                0x0000000010000e88                cmd_w5x00_readbuffdelay
 .text.cmd_w5x00_lwipinit
                0x0000000010000f88      0x170 CMakeFiles/pico-e-cli.dir/commands/testcommand.c.obj
                0x0000000010000f88                cmd_w5x00_lwipinit
 .text.poll_w5x00macraw
                0x00000000100010f8       0xa4 CMakeFiles/pico-e-cli.dir/commands/testcommand.c.obj
                0x00000000100010f8                poll_w5x00macraw
 .text.cmd_w5x00_iperf
                0x000000001000119c       0xd8 CMakeFiles/pico-e-cli.dir/commands/testcommand.c.obj
                0x000000001000119c                cmd_w5x00_iperf
 .text.w5x00_command
                0x0000000010001274      0x1a4 CMakeFiles/pico-e-cli.dir/commands/testcommand.c.obj
                0x0000000010001274                w5x00_command
 .text.cmd_system_clock
                0x0000000010001418       0x98 CMakeFiles/pico-e-cli.dir/commands/systemcommand.c.obj
                0x0000000010001418                cmd_system_clock
 .text.system_command
                0x00000000100014b0       0x3c CMakeFiles/pico-e-cli.dir/commands/systemcommand.c.obj
                0x00000000100014b0                system_command
 .text.set_sys_clock_pll
                0x00000000100014ec       0x78 CMakeFiles/pico-e-cli.dir/__/__/libraries/pico-sdk/src/rp2_common/pico_stdlib/stdlib.c.obj
                0x00000000100014ec                set_sys_clock_pll
 .text.check_sys_clock_khz
                0x0000000010001564      0x178 CMakeFiles/pico-e-cli.dir/__/__/libraries/pico-sdk/src/rp2_common/pico_stdlib/stdlib.c.obj
                0x0000000010001564                check_sys_clock_khz
 .text.gpio_set_function
                0x00000000100016dc       0x30 CMakeFiles/pico-e-cli.dir/__/__/libraries/pico-sdk/src/rp2_common/hardware_gpio/gpio.c.obj
                0x00000000100016dc                gpio_set_function
 .text.gpio_set_pulls
                0x000000001000170c       0x30 CMakeFiles/pico-e-cli.dir/__/__/libraries/pico-sdk/src/rp2_common/hardware_gpio/gpio.c.obj
                0x000000001000170c                gpio_set_pulls
 .text.gpio_set_input_hysteresis_enabled
                0x000000001000173c       0x28 CMakeFiles/pico-e-cli.dir/__/__/libraries/pico-sdk/src/rp2_common/hardware_gpio/gpio.c.obj
                0x000000001000173c                gpio_set_input_hysteresis_enabled
 .text.gpio_init
                0x0000000010001764       0x3c CMakeFiles/pico-e-cli.dir/__/__/libraries/pico-sdk/src/rp2_common/hardware_gpio/gpio.c.obj
                0x0000000010001764                gpio_init
 .text.hw_claim_lock
                0x00000000100017a0       0x18 CMakeFiles/pico-e-cli.dir/__/__/libraries/pico-sdk/src/rp2_common/hardware_claim/claim.c.obj
                0x00000000100017a0                hw_claim_lock
 .text.hw_claim_unlock
                0x00000000100017b8       0x14 CMakeFiles/pico-e-cli.dir/__/__/libraries/pico-sdk/src/rp2_common/hardware_claim/claim.c.obj
                0x00000000100017b8                hw_claim_unlock
 .text.hw_claim_or_assert
                0x00000000100017cc       0x44 CMakeFiles/pico-e-cli.dir/__/__/libraries/pico-sdk/src/rp2_common/hardware_claim/claim.c.obj
                0x00000000100017cc                hw_claim_or_assert
 .text.hw_claim_unused_from_range
                0x0000000010001810       0x9c CMakeFiles/pico-e-cli.dir/__/__/libraries/pico-sdk/src/rp2_common/hardware_claim/claim.c.obj
                0x0000000010001810                hw_claim_unused_from_range
 .text.hw_claim_clear
                0x00000000100018ac       0x38 CMakeFiles/pico-e-cli.dir/__/__/libraries/pico-sdk/src/rp2_common/hardware_claim/claim.c.obj
                0x00000000100018ac                hw_claim_clear
 .text.running_on_fpga
                0x00000000100018e4       0x10 CMakeFiles/pico-e-cli.dir/__/__/libraries/pico-sdk/src/rp2_common/pico_platform/platform.c.obj
                0x00000000100018e4                running_on_fpga
 .text.spin_locks_reset
                0x00000000100018f4       0x1c CMakeFiles/pico-e-cli.dir/__/__/libraries/pico-sdk/src/rp2_common/hardware_sync/sync.c.obj
                0x00000000100018f4                spin_locks_reset
 .text.next_striped_spin_lock_num
                0x0000000010001910       0x18 CMakeFiles/pico-e-cli.dir/__/__/libraries/pico-sdk/src/rp2_common/hardware_sync/sync.c.obj
                0x0000000010001910                next_striped_spin_lock_num
 .text.spin_lock_claim_unused
                0x0000000010001928       0x20 CMakeFiles/pico-e-cli.dir/__/__/libraries/pico-sdk/src/rp2_common/hardware_sync/sync.c.obj
                0x0000000010001928                spin_lock_claim_unused
 .text.irq_set_enabled
                0x0000000010001948       0x24 CMakeFiles/pico-e-cli.dir/__/__/libraries/pico-sdk/src/rp2_common/hardware_irq/irq.c.obj
                0x0000000010001948                irq_set_enabled
 .text.irq_set_pending
                0x000000001000196c       0x10 CMakeFiles/pico-e-cli.dir/__/__/libraries/pico-sdk/src/rp2_common/hardware_irq/irq.c.obj
                0x000000001000196c                irq_set_pending
 .text.irq_has_shared_handler
                0x000000001000197c       0x2c CMakeFiles/pico-e-cli.dir/__/__/libraries/pico-sdk/src/rp2_common/hardware_irq/irq.c.obj
                0x000000001000197c                irq_has_shared_handler
 .text.irq_get_vtable_handler
                0x00000000100019a8       0x10 CMakeFiles/pico-e-cli.dir/__/__/libraries/pico-sdk/src/rp2_common/hardware_irq/irq.c.obj
                0x00000000100019a8                irq_get_vtable_handler
 .text.irq_set_exclusive_handler
                0x00000000100019b8       0x54 CMakeFiles/pico-e-cli.dir/__/__/libraries/pico-sdk/src/rp2_common/hardware_irq/irq.c.obj
                0x00000000100019b8                irq_set_exclusive_handler
 .text.irq_add_shared_handler
                0x0000000010001a0c      0x1e4 CMakeFiles/pico-e-cli.dir/__/__/libraries/pico-sdk/src/rp2_common/hardware_irq/irq.c.obj
                0x0000000010001a0c                irq_add_shared_handler
 .text.irq_remove_handler
                0x0000000010001bf0      0x1b4 CMakeFiles/pico-e-cli.dir/__/__/libraries/pico-sdk/src/rp2_common/hardware_irq/irq.c.obj
                0x0000000010001bf0                irq_remove_handler
 .text.irq_add_tail_to_free_list
                0x0000000010001da4       0xb4 CMakeFiles/pico-e-cli.dir/__/__/libraries/pico-sdk/src/rp2_common/hardware_irq/irq.c.obj
                0x0000000010001da4                irq_add_tail_to_free_list
 .text.irq_init_priorities
                0x0000000010001e58       0x24 CMakeFiles/pico-e-cli.dir/__/__/libraries/pico-sdk/src/rp2_common/hardware_irq/irq.c.obj
                0x0000000010001e58                irq_init_priorities
 .text.user_irq_claim_unused
                0x0000000010001e7c       0x30 CMakeFiles/pico-e-cli.dir/__/__/libraries/pico-sdk/src/rp2_common/hardware_irq/irq.c.obj
                0x0000000010001e7c                user_irq_claim_unused
 .text.lock_init
                0x0000000010001eac       0x10 CMakeFiles/pico-e-cli.dir/__/__/libraries/pico-sdk/src/common/pico_sync/lock_core.c.obj
                0x0000000010001eac                lock_init
 .text.timer_pool_entry_comparator
                0x0000000010001ebc       0x34 CMakeFiles/pico-e-cli.dir/__/__/libraries/pico-sdk/src/common/pico_time/time.c.obj
                0x0000000010001ebc                timer_pool_entry_comparator
 .text.sleep_until_callback
                0x0000000010001ef0       0x30 CMakeFiles/pico-e-cli.dir/__/__/libraries/pico-sdk/src/common/pico_time/time.c.obj
 .text.add_alarm_under_lock.isra.0
                0x0000000010001f20      0x100 CMakeFiles/pico-e-cli.dir/__/__/libraries/pico-sdk/src/common/pico_time/time.c.obj
 .text.alarm_pool_alarm_callback
                0x0000000010002020      0x1c8 CMakeFiles/pico-e-cli.dir/__/__/libraries/pico-sdk/src/common/pico_time/time.c.obj
 .text.alarm_pool_add_alarm_at.constprop.0
                0x00000000100021e8      0x11c CMakeFiles/pico-e-cli.dir/__/__/libraries/pico-sdk/src/common/pico_time/time.c.obj
 .text.alarm_pool_init_default
                0x0000000010002304       0x64 CMakeFiles/pico-e-cli.dir/__/__/libraries/pico-sdk/src/common/pico_time/time.c.obj
                0x0000000010002304                alarm_pool_init_default
 .text.alarm_pool_get_default
                0x0000000010002368        0x8 CMakeFiles/pico-e-cli.dir/__/__/libraries/pico-sdk/src/common/pico_time/time.c.obj
                0x0000000010002368                alarm_pool_get_default
 .text.alarm_pool_add_alarm_at
                0x0000000010002370      0x194 CMakeFiles/pico-e-cli.dir/__/__/libraries/pico-sdk/src/common/pico_time/time.c.obj
                0x0000000010002370                alarm_pool_add_alarm_at
 .text.sleep_until
                0x0000000010002504       0xac CMakeFiles/pico-e-cli.dir/__/__/libraries/pico-sdk/src/common/pico_time/time.c.obj
                0x0000000010002504                sleep_until
 .text.sleep_ms
                0x00000000100025b0       0x38 CMakeFiles/pico-e-cli.dir/__/__/libraries/pico-sdk/src/common/pico_time/time.c.obj
                0x00000000100025b0                sleep_ms
 .text.best_effort_wfe_or_timeout
                0x00000000100025e8       0xd4 CMakeFiles/pico-e-cli.dir/__/__/libraries/pico-sdk/src/common/pico_time/time.c.obj
                0x00000000100025e8                best_effort_wfe_or_timeout
 .text.hardware_alarm_irq_handler
                0x00000000100026bc       0xb8 CMakeFiles/pico-e-cli.dir/__/__/libraries/pico-sdk/src/rp2_common/hardware_timer/timer.c.obj
 .text.hardware_alarm_claim
                0x0000000010002774       0x18 CMakeFiles/pico-e-cli.dir/__/__/libraries/pico-sdk/src/rp2_common/hardware_timer/timer.c.obj
                0x0000000010002774                hardware_alarm_claim
 .text.time_us_64
                0x000000001000278c       0x14 CMakeFiles/pico-e-cli.dir/__/__/libraries/pico-sdk/src/rp2_common/hardware_timer/timer.c.obj
                0x000000001000278c                time_us_64
 .text.busy_wait_us
                0x00000000100027a0       0x54 CMakeFiles/pico-e-cli.dir/__/__/libraries/pico-sdk/src/rp2_common/hardware_timer/timer.c.obj
                0x00000000100027a0                busy_wait_us
 .text.busy_wait_until
                0x00000000100027f4       0x20 CMakeFiles/pico-e-cli.dir/__/__/libraries/pico-sdk/src/rp2_common/hardware_timer/timer.c.obj
                0x00000000100027f4                busy_wait_until
 .text.hardware_alarm_set_callback
                0x0000000010002814       0x8c CMakeFiles/pico-e-cli.dir/__/__/libraries/pico-sdk/src/rp2_common/hardware_timer/timer.c.obj
                0x0000000010002814                hardware_alarm_set_callback
 .text.hardware_alarm_set_target
                0x00000000100028a0       0xe0 CMakeFiles/pico-e-cli.dir/__/__/libraries/pico-sdk/src/rp2_common/hardware_timer/timer.c.obj
                0x00000000100028a0                hardware_alarm_set_target
 .text.hardware_alarm_cancel
                0x0000000010002980       0x3c CMakeFiles/pico-e-cli.dir/__/__/libraries/pico-sdk/src/rp2_common/hardware_timer/timer.c.obj
                0x0000000010002980                hardware_alarm_cancel
 .text.ph_merge_nodes
                0x00000000100029bc       0x68 CMakeFiles/pico-e-cli.dir/__/__/libraries/pico-sdk/src/common/pico_util/pheap.c.obj
 .text.ph_post_alloc_init
                0x0000000010002a24       0x3c CMakeFiles/pico-e-cli.dir/__/__/libraries/pico-sdk/src/common/pico_util/pheap.c.obj
                0x0000000010002a24                ph_post_alloc_init
 .text.ph_merge_two_pass
                0x0000000010002a60       0x90 CMakeFiles/pico-e-cli.dir/__/__/libraries/pico-sdk/src/common/pico_util/pheap.c.obj
                0x0000000010002a60                ph_merge_two_pass
 .text.ph_remove_any_head
                0x0000000010002af0       0xf8 CMakeFiles/pico-e-cli.dir/__/__/libraries/pico-sdk/src/common/pico_util/pheap.c.obj
 .text.ph_remove_head
                0x0000000010002be8       0xfc CMakeFiles/pico-e-cli.dir/__/__/libraries/pico-sdk/src/common/pico_util/pheap.c.obj
                0x0000000010002be8                ph_remove_head
 .text.ph_remove_and_free_node
                0x0000000010002ce4       0x7c CMakeFiles/pico-e-cli.dir/__/__/libraries/pico-sdk/src/common/pico_util/pheap.c.obj
                0x0000000010002ce4                ph_remove_and_free_node
 .text.mutex_init
                0x0000000010002d60       0x1c CMakeFiles/pico-e-cli.dir/__/__/libraries/pico-sdk/src/common/pico_sync/mutex.c.obj
                0x0000000010002d60                mutex_init
 .text.recursive_mutex_init
                0x0000000010002d7c       0x1c CMakeFiles/pico-e-cli.dir/__/__/libraries/pico-sdk/src/common/pico_sync/mutex.c.obj
                0x0000000010002d7c                recursive_mutex_init
 .text.critical_section_init
                0x0000000010002d98       0x20 CMakeFiles/pico-e-cli.dir/__/__/libraries/pico-sdk/src/common/pico_sync/critical_section.c.obj
                0x0000000010002d98                critical_section_init
 .text.runtime_init
                0x0000000010002db8       0xf0 CMakeFiles/pico-e-cli.dir/__/__/libraries/pico-sdk/src/rp2_common/pico_runtime/runtime.c.obj
                0x0000000010002db8                runtime_init
 .text._sbrk    0x0000000010002ea8       0x34 CMakeFiles/pico-e-cli.dir/__/__/libraries/pico-sdk/src/rp2_common/pico_runtime/runtime.c.obj
                0x0000000010002ea8                _sbrk
 .text.exit     0x0000000010002edc        0x4 CMakeFiles/pico-e-cli.dir/__/__/libraries/pico-sdk/src/rp2_common/pico_runtime/runtime.c.obj
                0x0000000010002edc                exit
 .text.panic    0x0000000010002ee0       0x30 CMakeFiles/pico-e-cli.dir/__/__/libraries/pico-sdk/src/rp2_common/pico_runtime/runtime.c.obj
                0x0000000010002ee0                panic
 .text.panic_unsupported
                0x0000000010002f10        0xc CMakeFiles/pico-e-cli.dir/__/__/libraries/pico-sdk/src/rp2_common/pico_runtime/runtime.c.obj
                0x0000000010002f10                panic_unsupported
 .text.hard_assertion_failure
                0x0000000010002f1c        0xc CMakeFiles/pico-e-cli.dir/__/__/libraries/pico-sdk/src/rp2_common/pico_runtime/runtime.c.obj
                0x0000000010002f1c                hard_assertion_failure
 .text.clock_configure
                0x0000000010002f28      0x114 CMakeFiles/pico-e-cli.dir/__/__/libraries/pico-sdk/src/rp2_common/hardware_clocks/clocks.c.obj
                0x0000000010002f28                clock_configure
 .text.clocks_init
                0x000000001000303c      0x2bc CMakeFiles/pico-e-cli.dir/__/__/libraries/pico-sdk/src/rp2_common/hardware_clocks/clocks.c.obj
                0x000000001000303c                clocks_init
 .text.clock_get_hz
                0x00000000100032f8        0xc CMakeFiles/pico-e-cli.dir/__/__/libraries/pico-sdk/src/rp2_common/hardware_clocks/clocks.c.obj
                0x00000000100032f8                clock_get_hz
 .text.frequency_count_khz
                0x0000000010003304       0x48 CMakeFiles/pico-e-cli.dir/__/__/libraries/pico-sdk/src/rp2_common/hardware_clocks/clocks.c.obj
                0x0000000010003304                frequency_count_khz
 .text.pll_init
                0x000000001000334c       0xb0 CMakeFiles/pico-e-cli.dir/__/__/libraries/pico-sdk/src/rp2_common/hardware_pll/pll.c.obj
                0x000000001000334c                pll_init
 .text.watchdog_start_tick
                0x00000000100033fc       0x10 CMakeFiles/pico-e-cli.dir/__/__/libraries/pico-sdk/src/rp2_common/hardware_watchdog/watchdog.c.obj
                0x00000000100033fc                watchdog_start_tick
 .text.watchdog_reboot
                0x000000001000340c       0x98 CMakeFiles/pico-e-cli.dir/__/__/libraries/pico-sdk/src/rp2_common/hardware_watchdog/watchdog.c.obj
                0x000000001000340c                watchdog_reboot
 .text.xosc_init
                0x00000000100034a4       0x28 CMakeFiles/pico-e-cli.dir/__/__/libraries/pico-sdk/src/rp2_common/hardware_xosc/xosc.c.obj
                0x00000000100034a4                xosc_init
 .text._out_null
                0x00000000100034cc        0x4 CMakeFiles/pico-e-cli.dir/__/__/libraries/pico-sdk/src/rp2_common/pico_printf/printf.c.obj
 .text._out_rev
                0x00000000100034d0       0x9c CMakeFiles/pico-e-cli.dir/__/__/libraries/pico-sdk/src/rp2_common/pico_printf/printf.c.obj
 .text._ntoa_format
                0x000000001000356c      0x1cc CMakeFiles/pico-e-cli.dir/__/__/libraries/pico-sdk/src/rp2_common/pico_printf/printf.c.obj
 .text._out_char
                0x0000000010003738       0x10 CMakeFiles/pico-e-cli.dir/__/__/libraries/pico-sdk/src/rp2_common/pico_printf/printf.c.obj
 .text._out_fct
                0x0000000010003748       0x10 CMakeFiles/pico-e-cli.dir/__/__/libraries/pico-sdk/src/rp2_common/pico_printf/printf.c.obj
 .text._etoa    0x0000000010003758      0x44c CMakeFiles/pico-e-cli.dir/__/__/libraries/pico-sdk/src/rp2_common/pico_printf/printf.c.obj
 .text._ftoa    0x0000000010003ba4      0x398 CMakeFiles/pico-e-cli.dir/__/__/libraries/pico-sdk/src/rp2_common/pico_printf/printf.c.obj
 .text._vsnprintf
                0x0000000010003f3c      0xb04 CMakeFiles/pico-e-cli.dir/__/__/libraries/pico-sdk/src/rp2_common/pico_printf/printf.c.obj
 .text.vfctprintf
                0x0000000010004a40       0x20 CMakeFiles/pico-e-cli.dir/__/__/libraries/pico-sdk/src/rp2_common/pico_printf/printf.c.obj
                0x0000000010004a40                vfctprintf
 .text.weak_raw_vprintf
                0x0000000010004a60       0x30 CMakeFiles/pico-e-cli.dir/__/__/libraries/pico-sdk/src/rp2_common/pico_printf/printf.c.obj
                0x0000000010004a60                weak_raw_vprintf
 .text          0x0000000010004a90       0x10 CMakeFiles/pico-e-cli.dir/__/__/libraries/pico-sdk/src/rp2_common/pico_bit_ops/bit_ops_aeabi.S.obj
 .text.ctzsi    0x0000000010004aa0        0xc CMakeFiles/pico-e-cli.dir/__/__/libraries/pico-sdk/src/rp2_common/pico_bit_ops/bit_ops_aeabi.S.obj
                0x0000000010004aa0                __wrap___ctzsi2
 .text.rom_func_lookup
                0x0000000010004aac       0x10 CMakeFiles/pico-e-cli.dir/__/__/libraries/pico-sdk/src/rp2_common/pico_bootrom/bootrom.c.obj
                0x0000000010004aac                rom_func_lookup
 .text.rom_data_lookup
                0x0000000010004abc       0x10 CMakeFiles/pico-e-cli.dir/__/__/libraries/pico-sdk/src/rp2_common/pico_bootrom/bootrom.c.obj
                0x0000000010004abc                rom_data_lookup
 .text.rom_funcs_lookup
                0x0000000010004acc       0x44 CMakeFiles/pico-e-cli.dir/__/__/libraries/pico-sdk/src/rp2_common/pico_bootrom/bootrom.c.obj
                0x0000000010004acc                rom_funcs_lookup
 .text.__wrap___aeabi_idiv
                0x0000000010004b10       0x50 CMakeFiles/pico-e-cli.dir/__/__/libraries/pico-sdk/src/rp2_common/pico_divider/divider.S.obj
                0x0000000010004b10                __wrap___aeabi_idivmod
                0x0000000010004b10                divmod_s32s32
                0x0000000010004b10                div_s32s32
                0x0000000010004b10                __wrap___aeabi_idiv
                0x0000000010004b18                divmod_s32s32_unsafe
                0x0000000010004b44                divmod_s32s32_savestate
 .text.__wrap___aeabi_uidiv
                0x0000000010004b60       0x4c CMakeFiles/pico-e-cli.dir/__/__/libraries/pico-sdk/src/rp2_common/pico_divider/divider.S.obj
                0x0000000010004b60                __wrap___aeabi_uidiv
                0x0000000010004b60                __wrap___aeabi_uidivmod
                0x0000000010004b60                div_u32u32
                0x0000000010004b60                divmod_u32u32
                0x0000000010004b68                divmod_u32u32_unsafe
                0x0000000010004b90                divmod_u32u32_savestate
 .text.__wrap___aeabi_ldiv
                0x0000000010004bac      0x434 CMakeFiles/pico-e-cli.dir/__/__/libraries/pico-sdk/src/rp2_common/pico_divider/divider.S.obj
                0x0000000010004bac                div_s64s64
                0x0000000010004bac                divmod_s64s64
                0x0000000010004bac                __wrap___aeabi_ldivmod
                0x0000000010004be4                div_u64u64
                0x0000000010004be4                divmod_u64u64
                0x0000000010004be4                __wrap___aeabi_uldivmod
                0x0000000010004bf4                divmod_u64u64_savestate
                0x0000000010004c1c                divmod_s64s64_unsafe
                0x0000000010004ca4                divmod_u64u64_unsafe
 .text.__wrap___aeabi_darithmetic
                0x0000000010004fe0       0x80 CMakeFiles/pico-e-cli.dir/__/__/libraries/pico-sdk/src/rp2_common/pico_double/double_aeabi.S.obj
                0x0000000010004fe0                __wrap___aeabi_drsub
                0x0000000010004fe6                __wrap___aeabi_dsub
                0x0000000010004ff8                __wrap___aeabi_dadd
                0x000000001000500a                __wrap___aeabi_ddiv
                0x0000000010005046                __wrap___aeabi_dmul
 .text.__wrap___aeabi_cdcmple
                0x0000000010005060       0x6c CMakeFiles/pico-e-cli.dir/__/__/libraries/pico-sdk/src/rp2_common/pico_double/double_aeabi.S.obj
                0x0000000010005060                __wrap___aeabi_cdrcmple
                0x0000000010005070                __wrap___aeabi_cdcmple
                0x0000000010005070                __wrap___aeabi_cdcmpeq
 .text.__wrap___aeabi_dcmplt
                0x00000000100050cc        0xc CMakeFiles/pico-e-cli.dir/__/__/libraries/pico-sdk/src/rp2_common/pico_double/double_aeabi.S.obj
                0x00000000100050cc                __wrap___aeabi_dcmplt
 .text.__wrap___aeabi_dcmple
                0x00000000100050d8       0x10 CMakeFiles/pico-e-cli.dir/__/__/libraries/pico-sdk/src/rp2_common/pico_double/double_aeabi.S.obj
                0x00000000100050d8                __wrap___aeabi_dcmple
 .text.__wrap___aeabi_dcmpge
                0x00000000100050e8       0x10 CMakeFiles/pico-e-cli.dir/__/__/libraries/pico-sdk/src/rp2_common/pico_double/double_aeabi.S.obj
                0x00000000100050e8                __wrap___aeabi_dcmpge
 .text.__wrap___aeabi_dcmpgt
                0x00000000100050f8        0xa CMakeFiles/pico-e-cli.dir/__/__/libraries/pico-sdk/src/rp2_common/pico_double/double_aeabi.S.obj
                0x00000000100050f8                __wrap___aeabi_dcmpgt
 .text.__wrap___aeabi_dcmpun
                0x0000000010005102       0x1c CMakeFiles/pico-e-cli.dir/__/__/libraries/pico-sdk/src/rp2_common/pico_double/double_aeabi.S.obj
                0x0000000010005102                __wrap___aeabi_dcmpun
 *fill*         0x000000001000511e        0x2 
 .text.__wrap___aeabi_i2d
                0x0000000010005120       0x38 CMakeFiles/pico-e-cli.dir/__/__/libraries/pico-sdk/src/rp2_common/pico_double/double_aeabi.S.obj
                0x0000000010005120                __wrap___aeabi_ui2d
                0x0000000010005128                __wrap___aeabi_i2d
 .text.__wrap___aeabi_d2iz
                0x0000000010005158       0x48 CMakeFiles/pico-e-cli.dir/__/__/libraries/pico-sdk/src/rp2_common/pico_double/double_aeabi.S.obj
                0x0000000010005158                __wrap___aeabi_d2iz
                0x0000000010005158                double2int_z
 .text.__wrap___aeabi_d2uiz
                0x00000000100051a0       0x18 CMakeFiles/pico-e-cli.dir/__/__/libraries/pico-sdk/src/rp2_common/pico_double/double_aeabi.S.obj
                0x00000000100051a0                double2uint
                0x00000000100051a0                __wrap___aeabi_d2uiz
 .text.__aeabi_double_init
                0x00000000100051b8       0x94 CMakeFiles/pico-e-cli.dir/__/__/libraries/pico-sdk/src/rp2_common/pico_double/double_init_rom.c.obj
                0x00000000100051b8                __aeabi_double_init
 .text.double_table_shim_on_use_helper
                0x000000001000524c       0x2c CMakeFiles/pico-e-cli.dir/__/__/libraries/pico-sdk/src/rp2_common/pico_double/double_v1_rom_shim.S.obj
                0x000000001000524c                double_table_shim_on_use_helper
 .text.__wrap___aeabi_dsub
                0x0000000010005278       0x10 CMakeFiles/pico-e-cli.dir/__/__/libraries/pico-sdk/src/rp2_common/pico_double/double_v1_rom_shim.S.obj
                0x0000000010005278                drsub_shim
                0x000000001000527e                dsub_shim
 .text.dadd_shim
                0x0000000010005288      0x15c CMakeFiles/pico-e-cli.dir/__/__/libraries/pico-sdk/src/rp2_common/pico_double/double_v1_rom_shim.S.obj
                0x0000000010005288                dadd_shim
 .text.dmul_shim
                0x00000000100053e4      0x15c CMakeFiles/pico-e-cli.dir/__/__/libraries/pico-sdk/src/rp2_common/pico_double/double_v1_rom_shim.S.obj
                0x00000000100053e4                dmul_shim
 .text.ddiv_shim
                0x0000000010005540      0x1b0 CMakeFiles/pico-e-cli.dir/__/__/libraries/pico-sdk/src/rp2_common/pico_double/double_v1_rom_shim.S.obj
                0x0000000010005540                ddiv_shim
 .text.double2uint_shim
                0x00000000100056f0        0xe CMakeFiles/pico-e-cli.dir/__/__/libraries/pico-sdk/src/rp2_common/pico_double/double_v1_rom_shim.S.obj
                0x00000000100056f0                double2uint_shim
                0x00000000100056f2                double2ufix_shim
 *fill*         0x00000000100056fe        0x2 
 .text.double2uint64_shim
                0x0000000010005700       0x70 CMakeFiles/pico-e-cli.dir/__/__/libraries/pico-sdk/src/rp2_common/pico_double/double_v1_rom_shim.S.obj
                0x0000000010005700                double2uint64_shim
                0x0000000010005702                double2ufix64_shim
                0x0000000010005722                d2fix_a
 .text.dunpacks
                0x0000000010005770       0x3c CMakeFiles/pico-e-cli.dir/__/__/libraries/pico-sdk/src/rp2_common/pico_double/double_v1_rom_shim.S.obj
                0x0000000010005770                dunpacks
 .text.__aeabi_lmul
                0x00000000100057ac       0x32 CMakeFiles/pico-e-cli.dir/__/__/libraries/pico-sdk/src/rp2_common/pico_int64_ops/pico_int64_ops_aeabi.S.obj
                0x00000000100057ac                __wrap___aeabi_lmul
 *fill*         0x00000000100057de        0x2 
 .text.__aeabi_float_init
                0x00000000100057e0       0x64 CMakeFiles/pico-e-cli.dir/__/__/libraries/pico-sdk/src/rp2_common/pico_float/float_init_rom.c.obj
                0x00000000100057e0                __aeabi_float_init
 .text.float_table_shim_on_use_helper
                0x0000000010005844       0x2c CMakeFiles/pico-e-cli.dir/__/__/libraries/pico-sdk/src/rp2_common/pico_float/float_v1_rom_shim.S.obj
                0x0000000010005844                float_table_shim_on_use_helper
 .text.__wrap_malloc
                0x0000000010005870       0x24 CMakeFiles/pico-e-cli.dir/__/__/libraries/pico-sdk/src/rp2_common/pico_malloc/pico_malloc.c.obj
                0x0000000010005870                __wrap_malloc
 .text          0x0000000010005894       0x10 CMakeFiles/pico-e-cli.dir/__/__/libraries/pico-sdk/src/rp2_common/pico_mem_ops/mem_ops_aeabi.S.obj
                0x0000000010005894                __aeabi_mem_init
 .text.memset   0x00000000100058a4        0xc CMakeFiles/pico-e-cli.dir/__/__/libraries/pico-sdk/src/rp2_common/pico_mem_ops/mem_ops_aeabi.S.obj
                0x00000000100058a4                __wrap_memset
 .text.memcpy   0x00000000100058b0        0xc CMakeFiles/pico-e-cli.dir/__/__/libraries/pico-sdk/src/rp2_common/pico_mem_ops/mem_ops_aeabi.S.obj
                0x00000000100058b0                __wrap___aeabi_memcpy
                0x00000000100058b0                __wrap_memcpy
 .text.stdio_out_chars_no_crlf
                0x00000000100058bc       0x10 CMakeFiles/pico-e-cli.dir/__/__/libraries/pico-sdk/src/rp2_common/pico_stdio/stdio.c.obj
 .text.stdio_out_chars_crlf
                0x00000000100058cc       0xb4 CMakeFiles/pico-e-cli.dir/__/__/libraries/pico-sdk/src/rp2_common/pico_stdio/stdio.c.obj
 .text.stdio_buffered_printer
                0x0000000010005980       0x64 CMakeFiles/pico-e-cli.dir/__/__/libraries/pico-sdk/src/rp2_common/pico_stdio/stdio.c.obj
 .text.stdio_put_string.isra.0
                0x00000000100059e4       0xfc CMakeFiles/pico-e-cli.dir/__/__/libraries/pico-sdk/src/rp2_common/pico_stdio/stdio.c.obj
 .text.__wrap_putchar
                0x0000000010005ae0       0xa0 CMakeFiles/pico-e-cli.dir/__/__/libraries/pico-sdk/src/rp2_common/pico_stdio/stdio.c.obj
                0x0000000010005ae0                __wrap_putchar
 .text.__wrap_puts
                0x0000000010005b80       0x3c CMakeFiles/pico-e-cli.dir/__/__/libraries/pico-sdk/src/rp2_common/pico_stdio/stdio.c.obj
                0x0000000010005b80                __wrap_puts
 .text.stdio_set_driver_enabled
                0x0000000010005bbc       0x30 CMakeFiles/pico-e-cli.dir/__/__/libraries/pico-sdk/src/rp2_common/pico_stdio/stdio.c.obj
                0x0000000010005bbc                stdio_set_driver_enabled
 .text.__wrap_vprintf
                0x0000000010005bec       0xd8 CMakeFiles/pico-e-cli.dir/__/__/libraries/pico-sdk/src/rp2_common/pico_stdio/stdio.c.obj
                0x0000000010005bec                __wrap_vprintf
 .text.__wrap_printf
                0x0000000010005cc4       0x18 CMakeFiles/pico-e-cli.dir/__/__/libraries/pico-sdk/src/rp2_common/pico_stdio/stdio.c.obj
                0x0000000010005cc4                __wrap_printf
 .text.stdio_init_all
                0x0000000010005cdc        0x8 CMakeFiles/pico-e-cli.dir/__/__/libraries/pico-sdk/src/rp2_common/pico_stdio/stdio.c.obj
                0x0000000010005cdc                stdio_init_all
 .text.getchar_timeout_us
                0x0000000010005ce4       0xa4 CMakeFiles/pico-e-cli.dir/__/__/libraries/pico-sdk/src/rp2_common/pico_stdio/stdio.c.obj
                0x0000000010005ce4                getchar_timeout_us
 .text.resetd_init
                0x0000000010005d88        0x4 CMakeFiles/pico-e-cli.dir/__/__/libraries/pico-sdk/src/rp2_common/pico_stdio_usb/reset_interface.c.obj
 .text.resetd_reset
                0x0000000010005d8c        0xc CMakeFiles/pico-e-cli.dir/__/__/libraries/pico-sdk/src/rp2_common/pico_stdio_usb/reset_interface.c.obj
 .text.resetd_open
                0x0000000010005d98       0x28 CMakeFiles/pico-e-cli.dir/__/__/libraries/pico-sdk/src/rp2_common/pico_stdio_usb/reset_interface.c.obj
 .text.resetd_xfer_cb
                0x0000000010005dc0        0x4 CMakeFiles/pico-e-cli.dir/__/__/libraries/pico-sdk/src/rp2_common/pico_stdio_usb/reset_interface.c.obj
 .text.resetd_control_xfer_cb
                0x0000000010005dc4       0x64 CMakeFiles/pico-e-cli.dir/__/__/libraries/pico-sdk/src/rp2_common/pico_stdio_usb/reset_interface.c.obj
 .text.usbd_app_driver_get_cb
                0x0000000010005e28        0xc CMakeFiles/pico-e-cli.dir/__/__/libraries/pico-sdk/src/rp2_common/pico_stdio_usb/reset_interface.c.obj
                0x0000000010005e28                usbd_app_driver_get_cb
 .text.tud_cdc_line_coding_cb
                0x0000000010005e34       0x34 CMakeFiles/pico-e-cli.dir/__/__/libraries/pico-sdk/src/rp2_common/pico_stdio_usb/reset_interface.c.obj
                0x0000000010005e34                tud_cdc_line_coding_cb
 .text.stdio_usb_in_chars
                0x0000000010005e68       0x68 CMakeFiles/pico-e-cli.dir/__/__/libraries/pico-sdk/src/rp2_common/pico_stdio_usb/stdio_usb.c.obj
                0x0000000010005e68                stdio_usb_in_chars
 .text.stdio_usb_out_chars
                0x0000000010005ed0       0xe4 CMakeFiles/pico-e-cli.dir/__/__/libraries/pico-sdk/src/rp2_common/pico_stdio_usb/stdio_usb.c.obj
 .text.timer_task
                0x0000000010005fb4       0x18 CMakeFiles/pico-e-cli.dir/__/__/libraries/pico-sdk/src/rp2_common/pico_stdio_usb/stdio_usb.c.obj
 .text.usb_irq  0x0000000010005fcc       0x10 CMakeFiles/pico-e-cli.dir/__/__/libraries/pico-sdk/src/rp2_common/pico_stdio_usb/stdio_usb.c.obj
 .text.low_priority_worker_irq
                0x0000000010005fdc       0x24 CMakeFiles/pico-e-cli.dir/__/__/libraries/pico-sdk/src/rp2_common/pico_stdio_usb/stdio_usb.c.obj
 .text.stdio_usb_init
                0x0000000010006000       0xb0 CMakeFiles/pico-e-cli.dir/__/__/libraries/pico-sdk/src/rp2_common/pico_stdio_usb/stdio_usb.c.obj
                0x0000000010006000                stdio_usb_init
 .text.tud_descriptor_device_cb
                0x00000000100060b0        0x8 CMakeFiles/pico-e-cli.dir/__/__/libraries/pico-sdk/src/rp2_common/pico_stdio_usb/stdio_usb_descriptors.c.obj
                0x00000000100060b0                tud_descriptor_device_cb
 .text.tud_descriptor_configuration_cb
                0x00000000100060b8        0x8 CMakeFiles/pico-e-cli.dir/__/__/libraries/pico-sdk/src/rp2_common/pico_stdio_usb/stdio_usb_descriptors.c.obj
                0x00000000100060b8                tud_descriptor_configuration_cb
 .text.tud_descriptor_string_cb
                0x00000000100060c0       0x74 CMakeFiles/pico-e-cli.dir/__/__/libraries/pico-sdk/src/rp2_common/pico_stdio_usb/stdio_usb_descriptors.c.obj
                0x00000000100060c0                tud_descriptor_string_cb
 .text.dcd_rp2040_irq
                0x0000000010006134      0x21c CMakeFiles/pico-e-cli.dir/__/__/libraries/pico-sdk/lib/tinyusb/src/portable/raspberrypi/rp2040/dcd_rp2040.c.obj
 .text.dcd_int_enable
                0x0000000010006350        0xc CMakeFiles/pico-e-cli.dir/__/__/libraries/pico-sdk/lib/tinyusb/src/portable/raspberrypi/rp2040/dcd_rp2040.c.obj
                0x0000000010006350                dcd_int_enable
 .text.dcd_set_address
                0x000000001000635c       0x14 CMakeFiles/pico-e-cli.dir/__/__/libraries/pico-sdk/lib/tinyusb/src/portable/raspberrypi/rp2040/dcd_rp2040.c.obj
                0x000000001000635c                dcd_set_address
 .text.dcd_connect
                0x0000000010006370       0x10 CMakeFiles/pico-e-cli.dir/__/__/libraries/pico-sdk/lib/tinyusb/src/portable/raspberrypi/rp2040/dcd_rp2040.c.obj
                0x0000000010006370                dcd_connect
 .text.dcd_init
                0x0000000010006380      0x144 CMakeFiles/pico-e-cli.dir/__/__/libraries/pico-sdk/lib/tinyusb/src/portable/raspberrypi/rp2040/dcd_rp2040.c.obj
                0x0000000010006380                dcd_init
 .text.dcd_edpt0_status_complete
                0x00000000100064c4       0x1c CMakeFiles/pico-e-cli.dir/__/__/libraries/pico-sdk/lib/tinyusb/src/portable/raspberrypi/rp2040/dcd_rp2040.c.obj
                0x00000000100064c4                dcd_edpt0_status_complete
 .text.dcd_edpt_open
                0x00000000100064e0       0xf0 CMakeFiles/pico-e-cli.dir/__/__/libraries/pico-sdk/lib/tinyusb/src/portable/raspberrypi/rp2040/dcd_rp2040.c.obj
                0x00000000100064e0                dcd_edpt_open
 .text.dcd_edpt_close_all
                0x00000000100065d0       0xbc CMakeFiles/pico-e-cli.dir/__/__/libraries/pico-sdk/lib/tinyusb/src/portable/raspberrypi/rp2040/dcd_rp2040.c.obj
                0x00000000100065d0                dcd_edpt_close_all
 .text.dcd_edpt_xfer
                0x000000001000668c       0x24 CMakeFiles/pico-e-cli.dir/__/__/libraries/pico-sdk/lib/tinyusb/src/portable/raspberrypi/rp2040/dcd_rp2040.c.obj
                0x000000001000668c                dcd_edpt_xfer
 .text.dcd_edpt_stall
                0x00000000100066b0       0x38 CMakeFiles/pico-e-cli.dir/__/__/libraries/pico-sdk/lib/tinyusb/src/portable/raspberrypi/rp2040/dcd_rp2040.c.obj
                0x00000000100066b0                dcd_edpt_stall
 .text.dcd_edpt_clear_stall
                0x00000000100066e8       0x30 CMakeFiles/pico-e-cli.dir/__/__/libraries/pico-sdk/lib/tinyusb/src/portable/raspberrypi/rp2040/dcd_rp2040.c.obj
                0x00000000100066e8                dcd_edpt_clear_stall
 .text._hw_endpoint_buffer_control_update32.part.0.isra.0
                0x0000000010006718       0x1c CMakeFiles/pico-e-cli.dir/__/__/libraries/pico-sdk/lib/tinyusb/src/portable/raspberrypi/rp2040/rp2040_usb.c.obj
 .text.rp2040_usb_init
                0x0000000010006734       0x4c CMakeFiles/pico-e-cli.dir/__/__/libraries/pico-sdk/lib/tinyusb/src/portable/raspberrypi/rp2040/rp2040_usb.c.obj
                0x0000000010006734                rp2040_usb_init
 .text.hw_endpoint_reset_transfer
                0x0000000010006780        0xc CMakeFiles/pico-e-cli.dir/__/__/libraries/pico-sdk/lib/tinyusb/src/portable/raspberrypi/rp2040/rp2040_usb.c.obj
                0x0000000010006780                hw_endpoint_reset_transfer
 .text._hw_endpoint_buffer_control_update32
                0x000000001000678c       0x44 CMakeFiles/pico-e-cli.dir/__/__/libraries/pico-sdk/lib/tinyusb/src/portable/raspberrypi/rp2040/rp2040_usb.c.obj
                0x000000001000678c                _hw_endpoint_buffer_control_update32
 .text.hw_endpoint_xfer_start
                0x00000000100067d0      0x138 CMakeFiles/pico-e-cli.dir/__/__/libraries/pico-sdk/lib/tinyusb/src/portable/raspberrypi/rp2040/rp2040_usb.c.obj
                0x00000000100067d0                hw_endpoint_xfer_start
 .text.hw_endpoint_xfer_continue
                0x0000000010006908      0x1e4 CMakeFiles/pico-e-cli.dir/__/__/libraries/pico-sdk/lib/tinyusb/src/portable/raspberrypi/rp2040/rp2040_usb.c.obj
                0x0000000010006908                hw_endpoint_xfer_continue
 .text.tud_mounted
                0x0000000010006aec       0x10 CMakeFiles/pico-e-cli.dir/__/__/libraries/pico-sdk/lib/tinyusb/src/device/usbd.c.obj
                0x0000000010006aec                tud_mounted
 .text.tud_suspended
                0x0000000010006afc       0x10 CMakeFiles/pico-e-cli.dir/__/__/libraries/pico-sdk/lib/tinyusb/src/device/usbd.c.obj
                0x0000000010006afc                tud_suspended
 .text.tud_inited
                0x0000000010006b0c        0xc CMakeFiles/pico-e-cli.dir/__/__/libraries/pico-sdk/lib/tinyusb/src/device/usbd.c.obj
                0x0000000010006b0c                tud_inited
 .text.tud_init
                0x0000000010006b18       0xd8 CMakeFiles/pico-e-cli.dir/__/__/libraries/pico-sdk/lib/tinyusb/src/device/usbd.c.obj
                0x0000000010006b18                tud_init
 .text.tud_task
                0x0000000010006bf0      0x8ec CMakeFiles/pico-e-cli.dir/__/__/libraries/pico-sdk/lib/tinyusb/src/device/usbd.c.obj
                0x0000000010006bf0                tud_task
 .text.dcd_event_bus_signal
                0x00000000100074dc      0x120 CMakeFiles/pico-e-cli.dir/__/__/libraries/pico-sdk/lib/tinyusb/src/device/usbd.c.obj
                0x00000000100074dc                dcd_event_bus_signal
 .text.dcd_event_bus_reset
                0x00000000100075fc       0x54 CMakeFiles/pico-e-cli.dir/__/__/libraries/pico-sdk/lib/tinyusb/src/device/usbd.c.obj
                0x00000000100075fc                dcd_event_bus_reset
 .text.dcd_event_setup_received
                0x0000000010007650       0x50 CMakeFiles/pico-e-cli.dir/__/__/libraries/pico-sdk/lib/tinyusb/src/device/usbd.c.obj
                0x0000000010007650                dcd_event_setup_received
 .text.dcd_event_xfer_complete
                0x00000000100076a0       0x68 CMakeFiles/pico-e-cli.dir/__/__/libraries/pico-sdk/lib/tinyusb/src/device/usbd.c.obj
                0x00000000100076a0                dcd_event_xfer_complete
 .text.usbd_open_edpt_pair
                0x0000000010007708       0x80 CMakeFiles/pico-e-cli.dir/__/__/libraries/pico-sdk/lib/tinyusb/src/device/usbd.c.obj
                0x0000000010007708                usbd_open_edpt_pair
 .text.usbd_edpt_open
                0x0000000010007788       0x30 CMakeFiles/pico-e-cli.dir/__/__/libraries/pico-sdk/lib/tinyusb/src/device/usbd.c.obj
                0x0000000010007788                usbd_edpt_open
 .text.usbd_edpt_claim
                0x00000000100077b8       0x64 CMakeFiles/pico-e-cli.dir/__/__/libraries/pico-sdk/lib/tinyusb/src/device/usbd.c.obj
                0x00000000100077b8                usbd_edpt_claim
 .text.usbd_edpt_release
                0x000000001000781c       0x4c CMakeFiles/pico-e-cli.dir/__/__/libraries/pico-sdk/lib/tinyusb/src/device/usbd.c.obj
                0x000000001000781c                usbd_edpt_release
 .text.usbd_edpt_xfer
                0x0000000010007868       0x48 CMakeFiles/pico-e-cli.dir/__/__/libraries/pico-sdk/lib/tinyusb/src/device/usbd.c.obj
                0x0000000010007868                usbd_edpt_xfer
 .text.tud_control_status
                0x00000000100078b0       0x30 CMakeFiles/pico-e-cli.dir/__/__/libraries/pico-sdk/lib/tinyusb/src/device/usbd_control.c.obj
                0x00000000100078b0                tud_control_status
 .text.tud_control_xfer
                0x00000000100078e0       0xbc CMakeFiles/pico-e-cli.dir/__/__/libraries/pico-sdk/lib/tinyusb/src/device/usbd_control.c.obj
                0x00000000100078e0                tud_control_xfer
 .text.usbd_control_reset
                0x000000001000799c       0x14 CMakeFiles/pico-e-cli.dir/__/__/libraries/pico-sdk/lib/tinyusb/src/device/usbd_control.c.obj
                0x000000001000799c                usbd_control_reset
 .text.usbd_control_set_complete_callback
                0x00000000100079b0        0xc CMakeFiles/pico-e-cli.dir/__/__/libraries/pico-sdk/lib/tinyusb/src/device/usbd_control.c.obj
                0x00000000100079b0                usbd_control_set_complete_callback
 .text.usbd_control_set_request
                0x00000000100079bc       0x1c CMakeFiles/pico-e-cli.dir/__/__/libraries/pico-sdk/lib/tinyusb/src/device/usbd_control.c.obj
                0x00000000100079bc                usbd_control_set_request
 .text.usbd_control_xfer_cb
                0x00000000100079d8       0xfc CMakeFiles/pico-e-cli.dir/__/__/libraries/pico-sdk/lib/tinyusb/src/device/usbd_control.c.obj
                0x00000000100079d8                usbd_control_xfer_cb
 .text.tud_cdc_n_connected
                0x0000000010007ad4       0x30 CMakeFiles/pico-e-cli.dir/__/__/libraries/pico-sdk/lib/tinyusb/src/class/cdc/cdc_device.c.obj
                0x0000000010007ad4                tud_cdc_n_connected
 .text.tud_cdc_n_available
                0x0000000010007b04       0x18 CMakeFiles/pico-e-cli.dir/__/__/libraries/pico-sdk/lib/tinyusb/src/class/cdc/cdc_device.c.obj
                0x0000000010007b04                tud_cdc_n_available
 .text.tud_cdc_n_read
                0x0000000010007b1c       0x70 CMakeFiles/pico-e-cli.dir/__/__/libraries/pico-sdk/lib/tinyusb/src/class/cdc/cdc_device.c.obj
                0x0000000010007b1c                tud_cdc_n_read
 .text.tud_cdc_n_write_flush
                0x0000000010007b8c       0x78 CMakeFiles/pico-e-cli.dir/__/__/libraries/pico-sdk/lib/tinyusb/src/class/cdc/cdc_device.c.obj
                0x0000000010007b8c                tud_cdc_n_write_flush
 .text.tud_cdc_n_write
                0x0000000010007c04       0x34 CMakeFiles/pico-e-cli.dir/__/__/libraries/pico-sdk/lib/tinyusb/src/class/cdc/cdc_device.c.obj
                0x0000000010007c04                tud_cdc_n_write
 .text.tud_cdc_n_write_available
                0x0000000010007c38       0x18 CMakeFiles/pico-e-cli.dir/__/__/libraries/pico-sdk/lib/tinyusb/src/class/cdc/cdc_device.c.obj
                0x0000000010007c38                tud_cdc_n_write_available
 .text.cdcd_init
                0x0000000010007c50       0x7c CMakeFiles/pico-e-cli.dir/__/__/libraries/pico-sdk/lib/tinyusb/src/class/cdc/cdc_device.c.obj
                0x0000000010007c50                cdcd_init
 .text.cdcd_reset
                0x0000000010007ccc       0x2c CMakeFiles/pico-e-cli.dir/__/__/libraries/pico-sdk/lib/tinyusb/src/class/cdc/cdc_device.c.obj
                0x0000000010007ccc                cdcd_reset
 .text.cdcd_open
                0x0000000010007cf8       0xe4 CMakeFiles/pico-e-cli.dir/__/__/libraries/pico-sdk/lib/tinyusb/src/class/cdc/cdc_device.c.obj
                0x0000000010007cf8                cdcd_open
 .text.cdcd_control_xfer_cb
                0x0000000010007ddc       0xe4 CMakeFiles/pico-e-cli.dir/__/__/libraries/pico-sdk/lib/tinyusb/src/class/cdc/cdc_device.c.obj
                0x0000000010007ddc                cdcd_control_xfer_cb
 .text.cdcd_xfer_cb
                0x0000000010007ec0      0x148 CMakeFiles/pico-e-cli.dir/__/__/libraries/pico-sdk/lib/tinyusb/src/class/cdc/cdc_device.c.obj
                0x0000000010007ec0                cdcd_xfer_cb
 .text.tusb_init
                0x0000000010008008        0xc CMakeFiles/pico-e-cli.dir/__/__/libraries/pico-sdk/lib/tinyusb/src/tusb.c.obj
                0x0000000010008008                tusb_init
 .text.tusb_inited
                0x0000000010008014        0x8 CMakeFiles/pico-e-cli.dir/__/__/libraries/pico-sdk/lib/tinyusb/src/tusb.c.obj
                0x0000000010008014                tusb_inited
 .text.tu_edpt_validate
                0x000000001000801c       0x78 CMakeFiles/pico-e-cli.dir/__/__/libraries/pico-sdk/lib/tinyusb/src/tusb.c.obj
                0x000000001000801c                tu_edpt_validate
 .text.tu_edpt_bind_driver
                0x0000000010008094       0x2c CMakeFiles/pico-e-cli.dir/__/__/libraries/pico-sdk/lib/tinyusb/src/tusb.c.obj
                0x0000000010008094                tu_edpt_bind_driver
 .text.tu_fifo_config
                0x00000000100080c0       0x78 CMakeFiles/pico-e-cli.dir/__/__/libraries/pico-sdk/lib/tinyusb/src/common/tusb_fifo.c.obj
                0x00000000100080c0                tu_fifo_config
 .text.tu_fifo_count
                0x0000000010008138       0x20 CMakeFiles/pico-e-cli.dir/__/__/libraries/pico-sdk/lib/tinyusb/src/common/tusb_fifo.c.obj
                0x0000000010008138                tu_fifo_count
 .text.tu_fifo_empty
                0x0000000010008158       0x10 CMakeFiles/pico-e-cli.dir/__/__/libraries/pico-sdk/lib/tinyusb/src/common/tusb_fifo.c.obj
                0x0000000010008158                tu_fifo_empty
 .text.tu_fifo_remaining
                0x0000000010008168       0x1c CMakeFiles/pico-e-cli.dir/__/__/libraries/pico-sdk/lib/tinyusb/src/common/tusb_fifo.c.obj
                0x0000000010008168                tu_fifo_remaining
 .text.tu_fifo_read
                0x0000000010008184       0x9c CMakeFiles/pico-e-cli.dir/__/__/libraries/pico-sdk/lib/tinyusb/src/common/tusb_fifo.c.obj
                0x0000000010008184                tu_fifo_read
 .text.tu_fifo_read_n
                0x0000000010008220      0x100 CMakeFiles/pico-e-cli.dir/__/__/libraries/pico-sdk/lib/tinyusb/src/common/tusb_fifo.c.obj
                0x0000000010008220                tu_fifo_read_n
 .text.tu_fifo_write
                0x0000000010008320       0x7c CMakeFiles/pico-e-cli.dir/__/__/libraries/pico-sdk/lib/tinyusb/src/common/tusb_fifo.c.obj
                0x0000000010008320                tu_fifo_write
 .text.tu_fifo_write_n
                0x000000001000839c      0x100 CMakeFiles/pico-e-cli.dir/__/__/libraries/pico-sdk/lib/tinyusb/src/common/tusb_fifo.c.obj
                0x000000001000839c                tu_fifo_write_n
 .text.tu_fifo_clear
                0x000000001000849c       0x4c CMakeFiles/pico-e-cli.dir/__/__/libraries/pico-sdk/lib/tinyusb/src/common/tusb_fifo.c.obj
                0x000000001000849c                tu_fifo_clear
 .text.tu_fifo_set_overwritable
                0x00000000100084e8       0x3c CMakeFiles/pico-e-cli.dir/__/__/libraries/pico-sdk/lib/tinyusb/src/common/tusb_fifo.c.obj
                0x00000000100084e8                tu_fifo_set_overwritable
 .text.startup._retrieve_unique_id_on_boot
                0x0000000010008524       0x10 CMakeFiles/pico-e-cli.dir/__/__/libraries/pico-sdk/src/rp2_common/pico_unique_id/unique_id.c.obj
 .text.pico_get_unique_board_id_string
                0x0000000010008534      0x1a8 CMakeFiles/pico-e-cli.dir/__/__/libraries/pico-sdk/src/rp2_common/pico_unique_id/unique_id.c.obj
                0x0000000010008534                pico_get_unique_board_id_string
 .text.flash_get_unique_id
                0x00000000100086dc       0x40 CMakeFiles/pico-e-cli.dir/__/__/libraries/pico-sdk/src/rp2_common/hardware_flash/flash.c.obj
                0x00000000100086dc                flash_get_unique_id
 .text.spi_init
                0x000000001000871c       0xf8 CMakeFiles/pico-e-cli.dir/__/__/libraries/pico-sdk/src/rp2_common/hardware_spi/spi.c.obj
                0x000000001000871c                spi_init
 .text.dma_channel_unclaim
                0x0000000010008814       0x10 CMakeFiles/pico-e-cli.dir/__/__/libraries/pico-sdk/src/rp2_common/hardware_dma/dma.c.obj
                0x0000000010008814                dma_channel_unclaim
 .text.dma_claim_unused_channel
                0x0000000010008824       0x20 CMakeFiles/pico-e-cli.dir/__/__/libraries/pico-sdk/src/rp2_common/hardware_dma/dma.c.obj
                0x0000000010008824                dma_claim_unused_channel
 .text.close.part.0
                0x0000000010008844       0x68 CMakeFiles/pico-e-cli.dir/__/__/libraries/ioLibrary_Driver/Ethernet/socket.c.obj
 .text.socket   0x00000000100088ac      0x144 CMakeFiles/pico-e-cli.dir/__/__/libraries/ioLibrary_Driver/Ethernet/socket.c.obj
                0x00000000100088ac                socket
 .text.getsockopt
                0x00000000100089f0      0x110 CMakeFiles/pico-e-cli.dir/__/__/libraries/ioLibrary_Driver/Ethernet/socket.c.obj
                0x00000000100089f0                getsockopt
 .text.wizchip_cris_enter
                0x0000000010008b00        0x4 CMakeFiles/pico-e-cli.dir/__/__/libraries/ioLibrary_Driver/Ethernet/wizchip_conf.c.obj
                0x0000000010008b00                wizchip_cris_enter
 .text.wizchip_bus_readdata
                0x0000000010008b04        0x8 CMakeFiles/pico-e-cli.dir/__/__/libraries/ioLibrary_Driver/Ethernet/wizchip_conf.c.obj
                0x0000000010008b04                wizchip_bus_readdata
 .text.wizchip_bus_writedata
                0x0000000010008b0c        0x4 CMakeFiles/pico-e-cli.dir/__/__/libraries/ioLibrary_Driver/Ethernet/wizchip_conf.c.obj
                0x0000000010008b0c                wizchip_bus_writedata
 .text.wizchip_spi_readbyte
                0x0000000010008b10        0x4 CMakeFiles/pico-e-cli.dir/__/__/libraries/ioLibrary_Driver/Ethernet/wizchip_conf.c.obj
                0x0000000010008b10                wizchip_spi_readbyte
 .text.wizchip_spi_writebyte
                0x0000000010008b14        0x4 CMakeFiles/pico-e-cli.dir/__/__/libraries/ioLibrary_Driver/Ethernet/wizchip_conf.c.obj
                0x0000000010008b14                wizchip_spi_writebyte
 .text.wizchip_spi_readburst
                0x0000000010008b18        0x4 CMakeFiles/pico-e-cli.dir/__/__/libraries/ioLibrary_Driver/Ethernet/wizchip_conf.c.obj
                0x0000000010008b18                wizchip_spi_readburst
 .text.wizchip_spi_writeburst
                0x0000000010008b1c        0x4 CMakeFiles/pico-e-cli.dir/__/__/libraries/ioLibrary_Driver/Ethernet/wizchip_conf.c.obj
                0x0000000010008b1c                wizchip_spi_writeburst
 .text.wizchip_cris_exit
                0x0000000010008b20        0x4 CMakeFiles/pico-e-cli.dir/__/__/libraries/ioLibrary_Driver/Ethernet/wizchip_conf.c.obj
                0x0000000010008b20                wizchip_cris_exit
 .text.wizchip_cs_select
                0x0000000010008b24        0x4 CMakeFiles/pico-e-cli.dir/__/__/libraries/ioLibrary_Driver/Ethernet/wizchip_conf.c.obj
                0x0000000010008b24                wizchip_cs_select
 .text.wizchip_cs_deselect
                0x0000000010008b28        0x4 CMakeFiles/pico-e-cli.dir/__/__/libraries/ioLibrary_Driver/Ethernet/wizchip_conf.c.obj
                0x0000000010008b28                wizchip_cs_deselect
 .text.reg_wizchip_cris_cbfunc
                0x0000000010008b2c       0x24 CMakeFiles/pico-e-cli.dir/__/__/libraries/ioLibrary_Driver/Ethernet/wizchip_conf.c.obj
                0x0000000010008b2c                reg_wizchip_cris_cbfunc
 .text.reg_wizchip_cs_cbfunc
                0x0000000010008b50       0x24 CMakeFiles/pico-e-cli.dir/__/__/libraries/ioLibrary_Driver/Ethernet/wizchip_conf.c.obj
                0x0000000010008b50                reg_wizchip_cs_cbfunc
 .text.reg_wizchip_spi_cbfunc
                0x0000000010008b74       0x2c CMakeFiles/pico-e-cli.dir/__/__/libraries/ioLibrary_Driver/Ethernet/wizchip_conf.c.obj
                0x0000000010008b74                reg_wizchip_spi_cbfunc
 .text.reg_wizchip_spiburst_cbfunc
                0x0000000010008ba0       0x2c CMakeFiles/pico-e-cli.dir/__/__/libraries/ioLibrary_Driver/Ethernet/wizchip_conf.c.obj
                0x0000000010008ba0                reg_wizchip_spiburst_cbfunc
 .text.wizchip_sw_reset
                0x0000000010008bcc       0x68 CMakeFiles/pico-e-cli.dir/__/__/libraries/ioLibrary_Driver/Ethernet/wizchip_conf.c.obj
                0x0000000010008bcc                wizchip_sw_reset
 .text.wizchip_init
                0x0000000010008c34      0x128 CMakeFiles/pico-e-cli.dir/__/__/libraries/ioLibrary_Driver/Ethernet/wizchip_conf.c.obj
                0x0000000010008c34                wizchip_init
 .text.ctlwizchip
                0x0000000010008d5c      0x1ac CMakeFiles/pico-e-cli.dir/__/__/libraries/ioLibrary_Driver/Ethernet/wizchip_conf.c.obj
                0x0000000010008d5c                ctlwizchip
 .text.WIZCHIP_READ.constprop.0
                0x0000000010008f08       0x58 CMakeFiles/pico-e-cli.dir/__/__/libraries/ioLibrary_Driver/Ethernet/W5100S/w5100s.c.obj
 .text.WIZCHIP_WRITE
                0x0000000010008f60       0x58 CMakeFiles/pico-e-cli.dir/__/__/libraries/ioLibrary_Driver/Ethernet/W5100S/w5100s.c.obj
                0x0000000010008f60                WIZCHIP_WRITE
 .text.WIZCHIP_READ
                0x0000000010008fb8       0x5c CMakeFiles/pico-e-cli.dir/__/__/libraries/ioLibrary_Driver/Ethernet/W5100S/w5100s.c.obj
                0x0000000010008fb8                WIZCHIP_READ
 .text.WIZCHIP_WRITE_BUF
                0x0000000010009014       0x70 CMakeFiles/pico-e-cli.dir/__/__/libraries/ioLibrary_Driver/Ethernet/W5100S/w5100s.c.obj
                0x0000000010009014                WIZCHIP_WRITE_BUF
 .text.WIZCHIP_READ_BUF
                0x0000000010009084       0x88 CMakeFiles/pico-e-cli.dir/__/__/libraries/ioLibrary_Driver/Ethernet/W5100S/w5100s.c.obj
                0x0000000010009084                WIZCHIP_READ_BUF
 .text.getSn_TX_FSR
                0x000000001000910c       0x48 CMakeFiles/pico-e-cli.dir/__/__/libraries/ioLibrary_Driver/Ethernet/W5100S/w5100s.c.obj
                0x000000001000910c                getSn_TX_FSR
 .text.getSn_RX_RSR
                0x0000000010009154       0x48 CMakeFiles/pico-e-cli.dir/__/__/libraries/ioLibrary_Driver/Ethernet/W5100S/w5100s.c.obj
                0x0000000010009154                getSn_RX_RSR
 .text.wiz_send_data
                0x000000001000919c      0x190 CMakeFiles/pico-e-cli.dir/__/__/libraries/ioLibrary_Driver/Ethernet/W5100S/w5100s.c.obj
                0x000000001000919c                wiz_send_data
 .text.wiz_recv_data
                0x000000001000932c      0x190 CMakeFiles/pico-e-cli.dir/__/__/libraries/ioLibrary_Driver/Ethernet/W5100S/w5100s.c.obj
                0x000000001000932c                wiz_recv_data
 .text.wiz_recv_ignore
                0x00000000100094bc       0x38 CMakeFiles/pico-e-cli.dir/__/__/libraries/ioLibrary_Driver/Ethernet/W5100S/w5100s.c.obj
                0x00000000100094bc                wiz_recv_ignore
 .text.wiz_mdio_write
                0x00000000100094f4       0x30 CMakeFiles/pico-e-cli.dir/__/__/libraries/ioLibrary_Driver/Ethernet/W5100S/w5100s.c.obj
                0x00000000100094f4                wiz_mdio_write
 .text.wiz_mdio_read
                0x0000000010009524       0x30 CMakeFiles/pico-e-cli.dir/__/__/libraries/ioLibrary_Driver/Ethernet/W5100S/w5100s.c.obj
                0x0000000010009524                wiz_mdio_read
 .text.wizchip_select
                0x0000000010009554        0xc CMakeFiles/pico-e-cli.dir/__/__/port/ioLibrary_Driver/src/w5x00_spi.c.obj
 .text.wizchip_deselect
                0x0000000010009560        0xc CMakeFiles/pico-e-cli.dir/__/__/port/ioLibrary_Driver/src/w5x00_spi.c.obj
 .text.wizchip_read_burst
                0x000000001000956c       0x90 CMakeFiles/pico-e-cli.dir/__/__/port/ioLibrary_Driver/src/w5x00_spi.c.obj
 .text.wizchip_write_burst
                0x00000000100095fc       0x8c CMakeFiles/pico-e-cli.dir/__/__/port/ioLibrary_Driver/src/w5x00_spi.c.obj
 .text.wizchip_critical_section_unlock
                0x0000000010009688       0x18 CMakeFiles/pico-e-cli.dir/__/__/port/ioLibrary_Driver/src/w5x00_spi.c.obj
 .text.wizchip_critical_section_lock
                0x00000000100096a0       0x1c CMakeFiles/pico-e-cli.dir/__/__/port/ioLibrary_Driver/src/w5x00_spi.c.obj
 .text.wizchip_write
                0x00000000100096bc       0x1c CMakeFiles/pico-e-cli.dir/__/__/port/ioLibrary_Driver/src/w5x00_spi.c.obj
 .text.wizchip_read
                0x00000000100096d8       0x24 CMakeFiles/pico-e-cli.dir/__/__/port/ioLibrary_Driver/src/w5x00_spi.c.obj
 .text.wizchip_reset
                0x00000000100096fc       0x20 CMakeFiles/pico-e-cli.dir/__/__/port/ioLibrary_Driver/src/w5x00_spi.c.obj
                0x00000000100096fc                wizchip_reset
 .text.wizchip_spi_initialize
                0x000000001000971c       0x98 CMakeFiles/pico-e-cli.dir/__/__/port/ioLibrary_Driver/src/w5x00_spi.c.obj
                0x000000001000971c                wizchip_spi_initialize
 .text.wizchip_cris_initialize
                0x00000000100097b4       0x20 CMakeFiles/pico-e-cli.dir/__/__/port/ioLibrary_Driver/src/w5x00_spi.c.obj
                0x00000000100097b4                wizchip_cris_initialize
 .text.wizchip_initialize
                0x00000000100097d4       0x88 CMakeFiles/pico-e-cli.dir/__/__/port/ioLibrary_Driver/src/w5x00_spi.c.obj
                0x00000000100097d4                wizchip_initialize
 .text.lwip_htons
                0x000000001000985c        0x8 CMakeFiles/pico-e-cli.dir/__/__/libraries/pico-extras/lib/lwip/src/core/def.c.obj
                0x000000001000985c                lwip_htons
 .text.lwip_htonl
                0x0000000010009864        0x4 CMakeFiles/pico-e-cli.dir/__/__/libraries/pico-extras/lib/lwip/src/core/def.c.obj
                0x0000000010009864                lwip_htonl
 .text.lwip_standard_chksum
                0x0000000010009868       0x80 CMakeFiles/pico-e-cli.dir/__/__/libraries/pico-extras/lib/lwip/src/core/inet_chksum.c.obj
                0x0000000010009868                lwip_standard_chksum
 .text.inet_chksum_pseudo
                0x00000000100098e8       0xb4 CMakeFiles/pico-e-cli.dir/__/__/libraries/pico-extras/lib/lwip/src/core/inet_chksum.c.obj
                0x00000000100098e8                inet_chksum_pseudo
 .text.ip_chksum_pseudo
                0x000000001000999c       0x10 CMakeFiles/pico-e-cli.dir/__/__/libraries/pico-extras/lib/lwip/src/core/inet_chksum.c.obj
                0x000000001000999c                ip_chksum_pseudo
 .text.inet_chksum
                0x00000000100099ac       0x8c CMakeFiles/pico-e-cli.dir/__/__/libraries/pico-extras/lib/lwip/src/core/inet_chksum.c.obj
                0x00000000100099ac                inet_chksum
 .text.inet_chksum_pbuf
                0x0000000010009a38       0x6c CMakeFiles/pico-e-cli.dir/__/__/libraries/pico-extras/lib/lwip/src/core/inet_chksum.c.obj
                0x0000000010009a38                inet_chksum_pbuf
 .text.lwip_init
                0x0000000010009aa4       0x20 CMakeFiles/pico-e-cli.dir/__/__/libraries/pico-extras/lib/lwip/src/core/init.c.obj
                0x0000000010009aa4                lwip_init
 .text.mem_init
                0x0000000010009ac4       0x48 CMakeFiles/pico-e-cli.dir/__/__/libraries/pico-extras/lib/lwip/src/core/mem.c.obj
                0x0000000010009ac4                mem_init
 .text.mem_free
                0x0000000010009b0c      0x128 CMakeFiles/pico-e-cli.dir/__/__/libraries/pico-extras/lib/lwip/src/core/mem.c.obj
                0x0000000010009b0c                mem_free
 .text.mem_trim
                0x0000000010009c34      0x144 CMakeFiles/pico-e-cli.dir/__/__/libraries/pico-extras/lib/lwip/src/core/mem.c.obj
                0x0000000010009c34                mem_trim
 .text.mem_malloc
                0x0000000010009d78      0x130 CMakeFiles/pico-e-cli.dir/__/__/libraries/pico-extras/lib/lwip/src/core/mem.c.obj
                0x0000000010009d78                mem_malloc
 .text.memp_init
                0x0000000010009ea8       0xa0 CMakeFiles/pico-e-cli.dir/__/__/libraries/pico-extras/lib/lwip/src/core/memp.c.obj
                0x0000000010009ea8                memp_init
 .text.memp_malloc
                0x0000000010009f48       0x54 CMakeFiles/pico-e-cli.dir/__/__/libraries/pico-extras/lib/lwip/src/core/memp.c.obj
                0x0000000010009f48                memp_malloc
 .text.memp_free
                0x0000000010009f9c       0x3c CMakeFiles/pico-e-cli.dir/__/__/libraries/pico-extras/lib/lwip/src/core/memp.c.obj
                0x0000000010009f9c                memp_free
 .text.netif_null_output_ip4
                0x0000000010009fd8        0x8 CMakeFiles/pico-e-cli.dir/__/__/libraries/pico-extras/lib/lwip/src/core/netif.c.obj
 .text.netif_init
                0x0000000010009fe0        0x4 CMakeFiles/pico-e-cli.dir/__/__/libraries/pico-extras/lib/lwip/src/core/netif.c.obj
                0x0000000010009fe0                netif_init
 .text.netif_input
                0x0000000010009fe4       0x18 CMakeFiles/pico-e-cli.dir/__/__/libraries/pico-extras/lib/lwip/src/core/netif.c.obj
                0x0000000010009fe4                netif_input
 .text.netif_set_addr
                0x0000000010009ffc       0xf0 CMakeFiles/pico-e-cli.dir/__/__/libraries/pico-extras/lib/lwip/src/core/netif.c.obj
                0x0000000010009ffc                netif_set_addr
 .text.netif_add
                0x000000001000a0ec      0x104 CMakeFiles/pico-e-cli.dir/__/__/libraries/pico-extras/lib/lwip/src/core/netif.c.obj
                0x000000001000a0ec                netif_add
 .text.netif_set_up
                0x000000001000a1f0       0x4c CMakeFiles/pico-e-cli.dir/__/__/libraries/pico-extras/lib/lwip/src/core/netif.c.obj
                0x000000001000a1f0                netif_set_up
 .text.netif_set_status_callback
                0x000000001000a23c        0x8 CMakeFiles/pico-e-cli.dir/__/__/libraries/pico-extras/lib/lwip/src/core/netif.c.obj
                0x000000001000a23c                netif_set_status_callback
 .text.netif_set_link_up
                0x000000001000a244       0x50 CMakeFiles/pico-e-cli.dir/__/__/libraries/pico-extras/lib/lwip/src/core/netif.c.obj
                0x000000001000a244                netif_set_link_up
 .text.netif_set_link_callback
                0x000000001000a294        0x8 CMakeFiles/pico-e-cli.dir/__/__/libraries/pico-extras/lib/lwip/src/core/netif.c.obj
                0x000000001000a294                netif_set_link_callback
 .text.netif_get_by_index
                0x000000001000a29c       0x2c CMakeFiles/pico-e-cli.dir/__/__/libraries/pico-extras/lib/lwip/src/core/netif.c.obj
                0x000000001000a29c                netif_get_by_index
 .text.pbuf_free.part.0
                0x000000001000a2c8       0x80 CMakeFiles/pico-e-cli.dir/__/__/libraries/pico-extras/lib/lwip/src/core/pbuf.c.obj
 .text.pbuf_free_ooseq
                0x000000001000a348       0x34 CMakeFiles/pico-e-cli.dir/__/__/libraries/pico-extras/lib/lwip/src/core/pbuf.c.obj
                0x000000001000a348                pbuf_free_ooseq
 .text.pbuf_alloc
                0x000000001000a37c      0x12c CMakeFiles/pico-e-cli.dir/__/__/libraries/pico-extras/lib/lwip/src/core/pbuf.c.obj
                0x000000001000a37c                pbuf_alloc
 .text.pbuf_alloced_custom
                0x000000001000a4a8       0x38 CMakeFiles/pico-e-cli.dir/__/__/libraries/pico-extras/lib/lwip/src/core/pbuf.c.obj
                0x000000001000a4a8                pbuf_alloced_custom
 .text.pbuf_realloc
                0x000000001000a4e0       0x70 CMakeFiles/pico-e-cli.dir/__/__/libraries/pico-extras/lib/lwip/src/core/pbuf.c.obj
                0x000000001000a4e0                pbuf_realloc
 .text.pbuf_add_header
                0x000000001000a550       0x4c CMakeFiles/pico-e-cli.dir/__/__/libraries/pico-extras/lib/lwip/src/core/pbuf.c.obj
                0x000000001000a550                pbuf_add_header
 .text.pbuf_remove_header
                0x000000001000a59c       0x48 CMakeFiles/pico-e-cli.dir/__/__/libraries/pico-extras/lib/lwip/src/core/pbuf.c.obj
                0x000000001000a59c                pbuf_remove_header
 .text.pbuf_header_force
                0x000000001000a5e4       0x78 CMakeFiles/pico-e-cli.dir/__/__/libraries/pico-extras/lib/lwip/src/core/pbuf.c.obj
                0x000000001000a5e4                pbuf_header_force
 .text.pbuf_free
                0x000000001000a65c       0x10 CMakeFiles/pico-e-cli.dir/__/__/libraries/pico-extras/lib/lwip/src/core/pbuf.c.obj
                0x000000001000a65c                pbuf_free
 .text.pbuf_clen
                0x000000001000a66c       0x14 CMakeFiles/pico-e-cli.dir/__/__/libraries/pico-extras/lib/lwip/src/core/pbuf.c.obj
                0x000000001000a66c                pbuf_clen
 .text.pbuf_ref
                0x000000001000a680       0x18 CMakeFiles/pico-e-cli.dir/__/__/libraries/pico-extras/lib/lwip/src/core/pbuf.c.obj
                0x000000001000a680                pbuf_ref
 .text.pbuf_cat
                0x000000001000a698       0x38 CMakeFiles/pico-e-cli.dir/__/__/libraries/pico-extras/lib/lwip/src/core/pbuf.c.obj
                0x000000001000a698                pbuf_cat
 .text.pbuf_chain
                0x000000001000a6d0       0x54 CMakeFiles/pico-e-cli.dir/__/__/libraries/pico-extras/lib/lwip/src/core/pbuf.c.obj
                0x000000001000a6d0                pbuf_chain
 .text.pbuf_copy_partial_pbuf
                0x000000001000a724      0x158 CMakeFiles/pico-e-cli.dir/__/__/libraries/pico-extras/lib/lwip/src/core/pbuf.c.obj
                0x000000001000a724                pbuf_copy_partial_pbuf
 .text.pbuf_copy
                0x000000001000a87c       0x20 CMakeFiles/pico-e-cli.dir/__/__/libraries/pico-extras/lib/lwip/src/core/pbuf.c.obj
                0x000000001000a87c                pbuf_copy
 .text.pbuf_copy_partial
                0x000000001000a89c       0x8c CMakeFiles/pico-e-cli.dir/__/__/libraries/pico-extras/lib/lwip/src/core/pbuf.c.obj
                0x000000001000a89c                pbuf_copy_partial
 .text.pbuf_take
                0x000000001000a928       0x78 CMakeFiles/pico-e-cli.dir/__/__/libraries/pico-extras/lib/lwip/src/core/pbuf.c.obj
                0x000000001000a928                pbuf_take
 .text.pbuf_clone
                0x000000001000a9a0       0x20 CMakeFiles/pico-e-cli.dir/__/__/libraries/pico-extras/lib/lwip/src/core/pbuf.c.obj
                0x000000001000a9a0                pbuf_clone
 .text.pbuf_memcmp
                0x000000001000a9c0       0x74 CMakeFiles/pico-e-cli.dir/__/__/libraries/pico-extras/lib/lwip/src/core/pbuf.c.obj
                0x000000001000a9c0                pbuf_memcmp
 .text.raw_input
                0x000000001000aa34      0x12c CMakeFiles/pico-e-cli.dir/__/__/libraries/pico-extras/lib/lwip/src/core/raw.c.obj
                0x000000001000aa34                raw_input
 .text.raw_netif_ip_addr_changed
                0x000000001000ab60       0x40 CMakeFiles/pico-e-cli.dir/__/__/libraries/pico-extras/lib/lwip/src/core/raw.c.obj
                0x000000001000ab60                raw_netif_ip_addr_changed
 .text.stats_init
                0x000000001000aba0       0x14 CMakeFiles/pico-e-cli.dir/__/__/libraries/pico-extras/lib/lwip/src/core/stats.c.obj
                0x000000001000aba0                stats_init
 .text.tcp_close_shutdown_fin
                0x000000001000abb4       0x4c CMakeFiles/pico-e-cli.dir/__/__/libraries/pico-extras/lib/lwip/src/core/tcp.c.obj
 .text.tcp_pcb_purge.part.0
                0x000000001000ac00       0xc4 CMakeFiles/pico-e-cli.dir/__/__/libraries/pico-extras/lib/lwip/src/core/tcp.c.obj
 .text.tcp_init
                0x000000001000acc4        0x4 CMakeFiles/pico-e-cli.dir/__/__/libraries/pico-extras/lib/lwip/src/core/tcp.c.obj
                0x000000001000acc4                tcp_init
 .text.tcp_free
                0x000000001000acc8        0xc CMakeFiles/pico-e-cli.dir/__/__/libraries/pico-extras/lib/lwip/src/core/tcp.c.obj
                0x000000001000acc8                tcp_free
 .text.tcp_bind
                0x000000001000acd4      0x10c CMakeFiles/pico-e-cli.dir/__/__/libraries/pico-extras/lib/lwip/src/core/tcp.c.obj
                0x000000001000acd4                tcp_bind
 .text.tcp_listen_with_backlog
                0x000000001000ade0       0xb0 CMakeFiles/pico-e-cli.dir/__/__/libraries/pico-extras/lib/lwip/src/core/tcp.c.obj
                0x000000001000ade0                tcp_listen_with_backlog
 .text.tcp_update_rcv_ann_wnd
                0x000000001000ae90       0x3c CMakeFiles/pico-e-cli.dir/__/__/libraries/pico-extras/lib/lwip/src/core/tcp.c.obj
                0x000000001000ae90                tcp_update_rcv_ann_wnd
 .text.tcp_recved
                0x000000001000aecc       0x80 CMakeFiles/pico-e-cli.dir/__/__/libraries/pico-extras/lib/lwip/src/core/tcp.c.obj
                0x000000001000aecc                tcp_recved
 .text.tcp_connect
                0x000000001000af4c      0x1d0 CMakeFiles/pico-e-cli.dir/__/__/libraries/pico-extras/lib/lwip/src/core/tcp.c.obj
                0x000000001000af4c                tcp_connect
 .text.tcp_slowtmr
                0x000000001000b11c      0x42c CMakeFiles/pico-e-cli.dir/__/__/libraries/pico-extras/lib/lwip/src/core/tcp.c.obj
                0x000000001000b11c                tcp_slowtmr
 .text.tcp_segs_free
                0x000000001000b548       0x38 CMakeFiles/pico-e-cli.dir/__/__/libraries/pico-extras/lib/lwip/src/core/tcp.c.obj
                0x000000001000b548                tcp_segs_free
 .text.tcp_seg_free
                0x000000001000b580       0x1c CMakeFiles/pico-e-cli.dir/__/__/libraries/pico-extras/lib/lwip/src/core/tcp.c.obj
                0x000000001000b580                tcp_seg_free
 .text.tcp_seg_copy
                0x000000001000b59c       0x20 CMakeFiles/pico-e-cli.dir/__/__/libraries/pico-extras/lib/lwip/src/core/tcp.c.obj
                0x000000001000b59c                tcp_seg_copy
 .text.tcp_arg  0x000000001000b5bc        0x8 CMakeFiles/pico-e-cli.dir/__/__/libraries/pico-extras/lib/lwip/src/core/tcp.c.obj
                0x000000001000b5bc                tcp_arg
 .text.tcp_recv
                0x000000001000b5c4        0xc CMakeFiles/pico-e-cli.dir/__/__/libraries/pico-extras/lib/lwip/src/core/tcp.c.obj
                0x000000001000b5c4                tcp_recv
 .text.tcp_sent
                0x000000001000b5d0        0xc CMakeFiles/pico-e-cli.dir/__/__/libraries/pico-extras/lib/lwip/src/core/tcp.c.obj
                0x000000001000b5d0                tcp_sent
 .text.tcp_err  0x000000001000b5dc        0xc CMakeFiles/pico-e-cli.dir/__/__/libraries/pico-extras/lib/lwip/src/core/tcp.c.obj
                0x000000001000b5dc                tcp_err
 .text.tcp_accept
                0x000000001000b5e8       0x10 CMakeFiles/pico-e-cli.dir/__/__/libraries/pico-extras/lib/lwip/src/core/tcp.c.obj
                0x000000001000b5e8                tcp_accept
 .text.tcp_poll
                0x000000001000b5f8       0x1c CMakeFiles/pico-e-cli.dir/__/__/libraries/pico-extras/lib/lwip/src/core/tcp.c.obj
                0x000000001000b5f8                tcp_poll
 .text.tcp_pcb_purge
                0x000000001000b614       0x24 CMakeFiles/pico-e-cli.dir/__/__/libraries/pico-extras/lib/lwip/src/core/tcp.c.obj
                0x000000001000b614                tcp_pcb_purge
 .text.tcp_pcb_remove
                0x000000001000b638       0x78 CMakeFiles/pico-e-cli.dir/__/__/libraries/pico-extras/lib/lwip/src/core/tcp.c.obj
                0x000000001000b638                tcp_pcb_remove
 .text.tcp_abandon
                0x000000001000b6b0      0x194 CMakeFiles/pico-e-cli.dir/__/__/libraries/pico-extras/lib/lwip/src/core/tcp.c.obj
                0x000000001000b6b0                tcp_abandon
 .text.tcp_abort
                0x000000001000b844        0xc CMakeFiles/pico-e-cli.dir/__/__/libraries/pico-extras/lib/lwip/src/core/tcp.c.obj
                0x000000001000b844                tcp_abort
 .text.tcp_accept_null
                0x000000001000b850       0x10 CMakeFiles/pico-e-cli.dir/__/__/libraries/pico-extras/lib/lwip/src/core/tcp.c.obj
 .text.tcp_alloc
                0x000000001000b860      0x1f8 CMakeFiles/pico-e-cli.dir/__/__/libraries/pico-extras/lib/lwip/src/core/tcp.c.obj
                0x000000001000b860                tcp_alloc
 .text.tcp_new_ip_type
                0x000000001000ba58      0x1d8 CMakeFiles/pico-e-cli.dir/__/__/libraries/pico-extras/lib/lwip/src/core/tcp.c.obj
                0x000000001000ba58                tcp_new_ip_type
 .text.tcp_close_shutdown
                0x000000001000bc30      0x14c CMakeFiles/pico-e-cli.dir/__/__/libraries/pico-extras/lib/lwip/src/core/tcp.c.obj
 .text.tcp_recv_null
                0x000000001000bd7c       0xb4 CMakeFiles/pico-e-cli.dir/__/__/libraries/pico-extras/lib/lwip/src/core/tcp.c.obj
                0x000000001000bd7c                tcp_recv_null
 .text.tcp_process_refused_data
                0x000000001000be30       0xf4 CMakeFiles/pico-e-cli.dir/__/__/libraries/pico-extras/lib/lwip/src/core/tcp.c.obj
                0x000000001000be30                tcp_process_refused_data
 .text.tcp_fasttmr
                0x000000001000bf24       0x98 CMakeFiles/pico-e-cli.dir/__/__/libraries/pico-extras/lib/lwip/src/core/tcp.c.obj
                0x000000001000bf24                tcp_fasttmr
 .text.tcp_tmr  0x000000001000bfbc       0x20 CMakeFiles/pico-e-cli.dir/__/__/libraries/pico-extras/lib/lwip/src/core/tcp.c.obj
                0x000000001000bfbc                tcp_tmr
 .text.tcp_close
                0x000000001000bfdc      0x164 CMakeFiles/pico-e-cli.dir/__/__/libraries/pico-extras/lib/lwip/src/core/tcp.c.obj
                0x000000001000bfdc                tcp_close
 .text.tcp_next_iss
                0x000000001000c140       0x18 CMakeFiles/pico-e-cli.dir/__/__/libraries/pico-extras/lib/lwip/src/core/tcp.c.obj
                0x000000001000c140                tcp_next_iss
 .text.tcp_eff_send_mss_netif
                0x000000001000c158       0x28 CMakeFiles/pico-e-cli.dir/__/__/libraries/pico-extras/lib/lwip/src/core/tcp.c.obj
                0x000000001000c158                tcp_eff_send_mss_netif
 .text.tcp_netif_ip_addr_changed
                0x000000001000c180       0x9c CMakeFiles/pico-e-cli.dir/__/__/libraries/pico-extras/lib/lwip/src/core/tcp.c.obj
                0x000000001000c180                tcp_netif_ip_addr_changed
 .text.tcp_free_ooseq
                0x000000001000c21c       0x40 CMakeFiles/pico-e-cli.dir/__/__/libraries/pico-extras/lib/lwip/src/core/tcp.c.obj
                0x000000001000c21c                tcp_free_ooseq
 .text.tcp_parseopt
                0x000000001000c25c      0x180 CMakeFiles/pico-e-cli.dir/__/__/libraries/pico-extras/lib/lwip/src/core/tcp_in.c.obj
 .text.tcp_oos_insert_segment
                0x000000001000c3dc       0xd4 CMakeFiles/pico-e-cli.dir/__/__/libraries/pico-extras/lib/lwip/src/core/tcp_in.c.obj
 .text.tcp_receive
                0x000000001000c4b0      0xa3c CMakeFiles/pico-e-cli.dir/__/__/libraries/pico-extras/lib/lwip/src/core/tcp_in.c.obj
 .text.tcp_input
                0x000000001000ceec      0xc5c CMakeFiles/pico-e-cli.dir/__/__/libraries/pico-extras/lib/lwip/src/core/tcp_in.c.obj
                0x000000001000ceec                tcp_input
 .text.tcp_trigger_input_pcb_close
                0x000000001000db48       0x10 CMakeFiles/pico-e-cli.dir/__/__/libraries/pico-extras/lib/lwip/src/core/tcp_in.c.obj
                0x000000001000db48                tcp_trigger_input_pcb_close
 .text.tcp_create_segment
                0x000000001000db58       0xd0 CMakeFiles/pico-e-cli.dir/__/__/libraries/pico-extras/lib/lwip/src/core/tcp_out.c.obj
 .text.tcp_output_control_segment
                0x000000001000dc28       0xac CMakeFiles/pico-e-cli.dir/__/__/libraries/pico-extras/lib/lwip/src/core/tcp_out.c.obj
 .text.tcp_write
                0x000000001000dcd4      0x664 CMakeFiles/pico-e-cli.dir/__/__/libraries/pico-extras/lib/lwip/src/core/tcp_out.c.obj
                0x000000001000dcd4                tcp_write
 .text.tcp_split_unsent_seg
                0x000000001000e338      0x1a0 CMakeFiles/pico-e-cli.dir/__/__/libraries/pico-extras/lib/lwip/src/core/tcp_out.c.obj
                0x000000001000e338                tcp_split_unsent_seg
 .text.tcp_send_fin
                0x000000001000e4d8       0xe0 CMakeFiles/pico-e-cli.dir/__/__/libraries/pico-extras/lib/lwip/src/core/tcp_out.c.obj
                0x000000001000e4d8                tcp_send_fin
 .text.tcp_enqueue_flags
                0x000000001000e5b8       0xa8 CMakeFiles/pico-e-cli.dir/__/__/libraries/pico-extras/lib/lwip/src/core/tcp_out.c.obj
                0x000000001000e5b8                tcp_enqueue_flags
 .text.tcp_rexmit_rto_prepare
                0x000000001000e660       0x9c CMakeFiles/pico-e-cli.dir/__/__/libraries/pico-extras/lib/lwip/src/core/tcp_out.c.obj
                0x000000001000e660                tcp_rexmit_rto_prepare
 .text.tcp_rexmit
                0x000000001000e6fc       0x90 CMakeFiles/pico-e-cli.dir/__/__/libraries/pico-extras/lib/lwip/src/core/tcp_out.c.obj
                0x000000001000e6fc                tcp_rexmit
 .text.tcp_rexmit_fast
                0x000000001000e78c       0x58 CMakeFiles/pico-e-cli.dir/__/__/libraries/pico-extras/lib/lwip/src/core/tcp_out.c.obj
                0x000000001000e78c                tcp_rexmit_fast
 .text.tcp_rst  0x000000001000e7e4       0xbc CMakeFiles/pico-e-cli.dir/__/__/libraries/pico-extras/lib/lwip/src/core/tcp_out.c.obj
                0x000000001000e7e4                tcp_rst
 .text.tcp_send_empty_ack
                0x000000001000e8a0       0xdc CMakeFiles/pico-e-cli.dir/__/__/libraries/pico-extras/lib/lwip/src/core/tcp_out.c.obj
                0x000000001000e8a0                tcp_send_empty_ack
 .text.tcp_output
                0x000000001000e97c      0x414 CMakeFiles/pico-e-cli.dir/__/__/libraries/pico-extras/lib/lwip/src/core/tcp_out.c.obj
                0x000000001000e97c                tcp_output
 .text.tcp_rexmit_rto_commit
                0x000000001000ed90       0x14 CMakeFiles/pico-e-cli.dir/__/__/libraries/pico-extras/lib/lwip/src/core/tcp_out.c.obj
                0x000000001000ed90                tcp_rexmit_rto_commit
 .text.tcp_rexmit_rto
                0x000000001000eda4       0xa4 CMakeFiles/pico-e-cli.dir/__/__/libraries/pico-extras/lib/lwip/src/core/tcp_out.c.obj
                0x000000001000eda4                tcp_rexmit_rto
 .text.tcp_keepalive
                0x000000001000ee48       0xc4 CMakeFiles/pico-e-cli.dir/__/__/libraries/pico-extras/lib/lwip/src/core/tcp_out.c.obj
                0x000000001000ee48                tcp_keepalive
 .text.tcp_zero_window_probe
                0x000000001000ef0c      0x18c CMakeFiles/pico-e-cli.dir/__/__/libraries/pico-extras/lib/lwip/src/core/tcp_out.c.obj
                0x000000001000ef0c                tcp_zero_window_probe
 .text.tcpip_tcp_timer
                0x000000001000f098       0x6c CMakeFiles/pico-e-cli.dir/__/__/libraries/pico-extras/lib/lwip/src/core/timeouts.c.obj
 .text.lwip_cyclic_timer
                0x000000001000f104       0x90 CMakeFiles/pico-e-cli.dir/__/__/libraries/pico-extras/lib/lwip/src/core/timeouts.c.obj
 .text.tcp_timer_needed
                0x000000001000f194       0x70 CMakeFiles/pico-e-cli.dir/__/__/libraries/pico-extras/lib/lwip/src/core/timeouts.c.obj
                0x000000001000f194                tcp_timer_needed
 .text.sys_timeouts_init
                0x000000001000f204       0x78 CMakeFiles/pico-e-cli.dir/__/__/libraries/pico-extras/lib/lwip/src/core/timeouts.c.obj
                0x000000001000f204                sys_timeouts_init
 .text.sys_check_timeouts
                0x000000001000f27c       0x68 CMakeFiles/pico-e-cli.dir/__/__/libraries/pico-extras/lib/lwip/src/core/timeouts.c.obj
                0x000000001000f27c                sys_check_timeouts
 .text.udp_init
                0x000000001000f2e4        0x4 CMakeFiles/pico-e-cli.dir/__/__/libraries/pico-extras/lib/lwip/src/core/udp.c.obj
                0x000000001000f2e4                udp_init
 .text.udp_input
                0x000000001000f2e8      0x234 CMakeFiles/pico-e-cli.dir/__/__/libraries/pico-extras/lib/lwip/src/core/udp.c.obj
                0x000000001000f2e8                udp_input
 .text.udp_bind
                0x000000001000f51c      0x114 CMakeFiles/pico-e-cli.dir/__/__/libraries/pico-extras/lib/lwip/src/core/udp.c.obj
                0x000000001000f51c                udp_bind
 .text.udp_sendto_if_src
                0x000000001000f630      0x168 CMakeFiles/pico-e-cli.dir/__/__/libraries/pico-extras/lib/lwip/src/core/udp.c.obj
                0x000000001000f630                udp_sendto_if_src
 .text.udp_sendto_if
                0x000000001000f798       0x84 CMakeFiles/pico-e-cli.dir/__/__/libraries/pico-extras/lib/lwip/src/core/udp.c.obj
                0x000000001000f798                udp_sendto_if
 .text.udp_connect
                0x000000001000f81c       0x7c CMakeFiles/pico-e-cli.dir/__/__/libraries/pico-extras/lib/lwip/src/core/udp.c.obj
                0x000000001000f81c                udp_connect
 .text.udp_recv
                0x000000001000f898       0x18 CMakeFiles/pico-e-cli.dir/__/__/libraries/pico-extras/lib/lwip/src/core/udp.c.obj
                0x000000001000f898                udp_recv
 .text.udp_remove
                0x000000001000f8b0       0x44 CMakeFiles/pico-e-cli.dir/__/__/libraries/pico-extras/lib/lwip/src/core/udp.c.obj
                0x000000001000f8b0                udp_remove
 .text.udp_new  0x000000001000f8f4       0x1c CMakeFiles/pico-e-cli.dir/__/__/libraries/pico-extras/lib/lwip/src/core/udp.c.obj
                0x000000001000f8f4                udp_new
 .text.udp_netif_ip_addr_changed
                0x000000001000f910       0x40 CMakeFiles/pico-e-cli.dir/__/__/libraries/pico-extras/lib/lwip/src/core/udp.c.obj
                0x000000001000f910                udp_netif_ip_addr_changed
 .text.dhcp_create_msg
                0x000000001000f950      0x160 CMakeFiles/pico-e-cli.dir/__/__/libraries/pico-extras/lib/lwip/src/core/ipv4/dhcp.c.obj
 .text.dhcp_bind
                0x000000001000fab0      0x164 CMakeFiles/pico-e-cli.dir/__/__/libraries/pico-extras/lib/lwip/src/core/ipv4/dhcp.c.obj
 .text.dhcp_handle_ack.isra.0
                0x000000001000fc14       0x94 CMakeFiles/pico-e-cli.dir/__/__/libraries/pico-extras/lib/lwip/src/core/ipv4/dhcp.c.obj
 .text.dhcp_reboot.isra.0
                0x000000001000fca8      0x150 CMakeFiles/pico-e-cli.dir/__/__/libraries/pico-extras/lib/lwip/src/core/ipv4/dhcp.c.obj
 .text.dhcp_discover
                0x000000001000fdf8      0x10c CMakeFiles/pico-e-cli.dir/__/__/libraries/pico-extras/lib/lwip/src/core/ipv4/dhcp.c.obj
 .text.dhcp_select.isra.0
                0x000000001000ff04      0x1e8 CMakeFiles/pico-e-cli.dir/__/__/libraries/pico-extras/lib/lwip/src/core/ipv4/dhcp.c.obj
 .text.dhcp_recv
                0x00000000100100ec      0x3e4 CMakeFiles/pico-e-cli.dir/__/__/libraries/pico-extras/lib/lwip/src/core/ipv4/dhcp.c.obj
 .text.dhcp_set_struct
                0x00000000100104d0       0x14 CMakeFiles/pico-e-cli.dir/__/__/libraries/pico-extras/lib/lwip/src/core/ipv4/dhcp.c.obj
                0x00000000100104d0                dhcp_set_struct
 .text.dhcp_network_changed_link_up
                0x00000000100104e4       0x30 CMakeFiles/pico-e-cli.dir/__/__/libraries/pico-extras/lib/lwip/src/core/ipv4/dhcp.c.obj
                0x00000000100104e4                dhcp_network_changed_link_up
 .text.dhcp_renew
                0x0000000010010514      0x100 CMakeFiles/pico-e-cli.dir/__/__/libraries/pico-extras/lib/lwip/src/core/ipv4/dhcp.c.obj
                0x0000000010010514                dhcp_renew
 .text.dhcp_release_and_stop
                0x0000000010010614      0x140 CMakeFiles/pico-e-cli.dir/__/__/libraries/pico-extras/lib/lwip/src/core/ipv4/dhcp.c.obj
                0x0000000010010614                dhcp_release_and_stop
 .text.dhcp_start
                0x0000000010010754      0x130 CMakeFiles/pico-e-cli.dir/__/__/libraries/pico-extras/lib/lwip/src/core/ipv4/dhcp.c.obj
                0x0000000010010754                dhcp_start
 .text.dhcp_coarse_tmr
                0x0000000010010884      0x1b4 CMakeFiles/pico-e-cli.dir/__/__/libraries/pico-extras/lib/lwip/src/core/ipv4/dhcp.c.obj
                0x0000000010010884                dhcp_coarse_tmr
 .text.dhcp_fine_tmr
                0x0000000010010a38       0x78 CMakeFiles/pico-e-cli.dir/__/__/libraries/pico-extras/lib/lwip/src/core/ipv4/dhcp.c.obj
                0x0000000010010a38                dhcp_fine_tmr
 .text.etharp_find_entry
                0x0000000010010ab0     0x1f90 CMakeFiles/pico-e-cli.dir/__/__/libraries/pico-extras/lib/lwip/src/core/ipv4/etharp.c.obj
 .text.etharp_raw
                0x0000000010012a40       0xc0 CMakeFiles/pico-e-cli.dir/__/__/libraries/pico-extras/lib/lwip/src/core/ipv4/etharp.c.obj
 .text.etharp_output_to_arp_index
                0x0000000010012b00       0xd8 CMakeFiles/pico-e-cli.dir/__/__/libraries/pico-extras/lib/lwip/src/core/ipv4/etharp.c.obj
 .text.etharp_tmr
                0x0000000010012bd8       0x9c CMakeFiles/pico-e-cli.dir/__/__/libraries/pico-extras/lib/lwip/src/core/ipv4/etharp.c.obj
                0x0000000010012bd8                etharp_tmr
 .text.etharp_input